Failed to load tclreadline
############################################################################
##
## Copyright (c) 2019, The Regents of the University of California
## All rights reserved.
##
## BSD 3-Clause License
##
## Redistribution and use in source and binary forms, with or without
## modification, are permitted provided that the following conditions are met:
##
## * Redistributions of source code must retain the above copyright notice, this
##   list of conditions and the following disclaimer.
##
## * Redistributions in binary form must reproduce the above copyright notice,
##   this list of conditions and the following disclaimer in the documentation
##   and/or other materials provided with the distribution.
##
## * Neither the name of the copyright holder nor the names of its
##   contributors may be used to endorse or promote products derived from
##   this software without specific prior written permission.
##
## THIS SOFTWARE IS PROVIDED BY THE COPYRIGHT HOLDERS AND CONTRIBUTORS "AS IS"
## AND ANY EXPRESS OR IMPLIED WARRANTIES, INCLUDING, BUT NOT LIMITED TO, THE
## IMPLIED WARRANTIES OF MERCHANTABILITY AND FITNESS FOR A PARTICULAR PURPOSE
## ARE DISCLAIMED. IN NO EVENT SHALL THE COPYRIGHT HOLDER OR CONTRIBUTORS BE
## LIABLE FOR ANY DIRECT, INDIRECT, INCIDENTAL, SPECIAL, EXEMPLARY, OR
## CONSEQUENTIAL DAMAGES (INCLUDING, BUT NOT LIMITED TO, PROCUREMENT OF
## SUBSTITUTE GOODS OR SERVICES; LOSS OF USE, DATA, OR PROFITS; OR BUSINESS
## INTERRUPTION) HOWEVER CAUSED AND ON ANY THEORY OF LIABILITY, WHETHER IN
## CONTRACT, STRICT LIABILITY, OR TORT (INCLUDING NEGLIGENCE OR OTHERWISE)
## ARISING IN ANY WAY OUT OF THE USE OF THIS SOFTWARE, EVEN IF ADVISED OF THE
## POSSIBILITY OF SUCH DAMAGE.
##
############################################################################
# Assumes flow_helpers.tcl has been read.
read_libraries
[INFO ODB-0222] Reading LEF file: sky130hd/sky130hd.tlef
[INFO ODB-0223]     Created 13 technology layers
[INFO ODB-0224]     Created 25 technology vias
[INFO ODB-0226] Finished LEF file:  sky130hd/sky130hd.tlef
[INFO ODB-0222] Reading LEF file: sky130hd/sky130hd_std_cell.lef
[INFO ODB-0225]     Created 437 library cells
[INFO ODB-0226] Finished LEF file:  sky130hd/sky130hd_std_cell.lef
read_verilog $synth_verilog
link_design $top_module
read_sdc $sdc_file
[WARNING STA-0354] set_input_delay relative to a clock defined on the same port/pin not allowed.
utl::metric "IFP::ord_version" [ord::openroad_git_describe]
# Note that sta::network_instance_count is not valid after tapcells are added.
utl::metric "IFP::instance_count" [sta::network_instance_count]
initialize_floorplan -site $site \
  -die_area $die_area \
  -core_area $core_area
[WARNING IFP-0028] Core area lower left (30.000, 30.000) snapped to (30.360, 32.640).
[INFO IFP-0001] Added 638 rows of 3781 sites.
source $tracks_file
# remove buffers inserted by synthesis 
remove_buffers
[INFO RSZ-0026] Removed 2471 buffers.
################################################################
# IO Placement (random)
place_pins -random -hor_layers $io_placer_hor_layer -ver_layers $io_placer_ver_layer
Found 0 macro blocks.
Using 1u default distance from corners.
Using 2 tracks default min distance between IO pins.
[INFO PPL-0007] Random pin placement.
################################################################
# Macro Placement
if { [have_macros] } {
  global_placement -density $global_place_density
  macro_placement -halo $macro_place_halo -channel $macro_place_channel
}
################################################################
# Tapcell insertion
eval tapcell $tapcell_args
[INFO TAP-0005] Inserted 40320 tapcells.
################################################################
# Power distribution network insertion
source $pdn_cfg
pdngen
[INFO PDN-0001] Inserting grid: grid
################################################################
# Global placement
foreach layer_adjustment $global_routing_layer_adjustments {
  lassign $layer_adjustment layer adjustment
  set_global_routing_layer_adjustment $layer $adjustment
}
set_routing_layers -signal $global_routing_layers \
  -clock $global_routing_clock_layers
set_macro_extension 2
global_placement -routability_driven -density $global_place_density \
  -pad_left $global_place_pad -pad_right $global_place_pad
[INFO GPL-0002] DBU: 1000
[INFO GPL-0003] SiteSize: 460 2720
[INFO GPL-0004] CoreAreaLxLy: 30360 32640
[INFO GPL-0005] CoreAreaUxUy: 1769620 1768000
[INFO GPL-0006] NumInstances: 55058
[INFO GPL-0007] NumPlaceInstances: 14738
[INFO GPL-0008] NumFixedInstances: 40320
[INFO GPL-0009] NumDummyInstances: 0
[INFO GPL-0010] NumNets: 15003
[INFO GPL-0011] NumPins: 61011
[INFO GPL-0012] DieAreaLxLy: 0 0
[INFO GPL-0013] DieAreaUxUy: 2000000 2000000
[INFO GPL-0014] CoreAreaLxLy: 30360 32640
[INFO GPL-0015] CoreAreaUxUy: 1769620 1768000
[INFO GPL-0016] CoreArea: 3018242233600
[INFO GPL-0017] NonPlaceInstsArea: 50448384000
[INFO GPL-0018] PlaceInstsArea: 250522771200
[INFO GPL-0019] Util(%): 8.44
[INFO GPL-0020] StdInstsArea: 250522771200
[INFO GPL-0021] MacroInstsArea: 0
[InitialPlace]  Iter: 1 CG residual: 0.00095175 HPWL: 864838140
[InitialPlace]  Iter: 2 CG residual: 0.00033592 HPWL: 682217929
[InitialPlace]  Iter: 3 CG residual: 0.00019947 HPWL: 680281320
[InitialPlace]  Iter: 4 CG residual: 0.00021258 HPWL: 680532781
[InitialPlace]  Iter: 5 CG residual: 0.00014501 HPWL: 679905797
[InitialPlace]  Iter: 6 CG residual: 0.00021238 HPWL: 680221019
[InitialPlace]  Iter: 7 CG residual: 0.00015023 HPWL: 679777851
[InitialPlace]  Iter: 8 CG residual: 0.00015908 HPWL: 680075296
[InitialPlace]  Iter: 9 CG residual: 0.00018891 HPWL: 679657463
[InitialPlace]  Iter: 10 CG residual: 0.00013657 HPWL: 679990165
[InitialPlace]  Iter: 11 CG residual: 0.00018123 HPWL: 679587171
[InitialPlace]  Iter: 12 CG residual: 0.00018388 HPWL: 679858633
[InitialPlace]  Iter: 13 CG residual: 0.00020427 HPWL: 679461848
[InitialPlace]  Iter: 14 CG residual: 0.00020097 HPWL: 679832767
[InitialPlace]  Iter: 15 CG residual: 0.00011562 HPWL: 679420287
[InitialPlace]  Iter: 16 CG residual: 0.00013322 HPWL: 679716114
[InitialPlace]  Iter: 17 CG residual: 0.00010536 HPWL: 679321376
[InitialPlace]  Iter: 18 CG residual: 0.00010513 HPWL: 679688295
[InitialPlace]  Iter: 19 CG residual: 0.00008589 HPWL: 679366580
[InitialPlace]  Iter: 20 CG residual: 0.00008563 HPWL: 679681259
[INFO GPL-0031] FillerInit: NumGCells: 53439
[INFO GPL-0032] FillerInit: NumGNets: 15003
[INFO GPL-0033] FillerInit: NumGPins: 61011
[INFO GPL-0023] TargetDensity: 0.30
[INFO GPL-0024] AveragePlaceInstArea: 16998423
[INFO GPL-0025] IdealBinArea: 56661412
[INFO GPL-0026] IdealBinCnt: 53268
[INFO GPL-0027] TotalBinArea: 3018242233600
[INFO GPL-0028] BinCnt: 128 128
[INFO GPL-0029] BinSize: 13588 13558
[INFO GPL-0030] NumBins: 16384
[NesterovSolve] Iter: 1 overflow: 0.962016 HPWL: 677949463
[NesterovSolve] Iter: 10 overflow: 0.83711 HPWL: 857413469
[NesterovSolve] Iter: 20 overflow: 0.834202 HPWL: 855814564
[NesterovSolve] Iter: 30 overflow: 0.834043 HPWL: 845583155
[NesterovSolve] Iter: 40 overflow: 0.832916 HPWL: 846325252
[NesterovSolve] Iter: 50 overflow: 0.831042 HPWL: 845605570
[NesterovSolve] Iter: 60 overflow: 0.828799 HPWL: 843374599
[NesterovSolve] Iter: 70 overflow: 0.826641 HPWL: 842196623
[NesterovSolve] Iter: 80 overflow: 0.824461 HPWL: 840807403
[NesterovSolve] Iter: 90 overflow: 0.822918 HPWL: 839571885
[NesterovSolve] Iter: 100 overflow: 0.820951 HPWL: 838883417
[NesterovSolve] Iter: 110 overflow: 0.819314 HPWL: 837997174
[NesterovSolve] Iter: 120 overflow: 0.818132 HPWL: 837770491
[NesterovSolve] Iter: 130 overflow: 0.817358 HPWL: 838407907
[NesterovSolve] Iter: 140 overflow: 0.815688 HPWL: 839228961
[NesterovSolve] Iter: 150 overflow: 0.814161 HPWL: 841420798
[NesterovSolve] Iter: 160 overflow: 0.810553 HPWL: 844474728
[NesterovSolve] Iter: 170 overflow: 0.806971 HPWL: 849308659
[NesterovSolve] Iter: 180 overflow: 0.801528 HPWL: 857794541
[NesterovSolve] Iter: 190 overflow: 0.795934 HPWL: 867303092
[NesterovSolve] Iter: 200 overflow: 0.788878 HPWL: 874179255
[NesterovSolve] Iter: 210 overflow: 0.783782 HPWL: 877385681
[NesterovSolve] Iter: 220 overflow: 0.774118 HPWL: 901988203
[NesterovSolve] Iter: 230 overflow: 0.757934 HPWL: 936811578
[NesterovSolve] Iter: 240 overflow: 0.742422 HPWL: 947688967
[NesterovSolve] Iter: 250 overflow: 0.719513 HPWL: 977782082
[NesterovSolve] Iter: 260 overflow: 0.694138 HPWL: 992081317
[NesterovSolve] Iter: 270 overflow: 0.665328 HPWL: 1006587453
[NesterovSolve] Iter: 280 overflow: 0.630218 HPWL: 1029483329
[NesterovSolve] Snapshot saved at iter = 287
[NesterovSolve] Iter: 290 overflow: 0.591682 HPWL: 1055732739
[NesterovSolve] Iter: 300 overflow: 0.54897 HPWL: 1078695350
[NesterovSolve] Iter: 310 overflow: 0.501851 HPWL: 1102897363
[NesterovSolve] Iter: 320 overflow: 0.449799 HPWL: 1129244062
[NesterovSolve] Iter: 330 overflow: 0.392305 HPWL: 1155455195
[NesterovSolve] Iter: 340 overflow: 0.324022 HPWL: 1183246706
[NesterovSolve] Iter: 350 overflow: 0.265535 HPWL: 1202719662
[NesterovSolve] Iter: 360 overflow: 0.212919 HPWL: 1221349306
[INFO GPL-0075] Routability numCall: 1 inflationIterCnt: 1 bloatIterCnt: 0
[INFO GPL-0036] TileLxLy: 0 0
[INFO GPL-0037] TileSize: 6900 6900
[INFO GPL-0038] TileCnt: 289 289
[INFO GPL-0039] numRoutingLayers: 6
[INFO GPL-0040] NumTiles: 83521
[INFO GPL-0063] TotalRouteOverflowH2: 0.0
[INFO GPL-0064] TotalRouteOverflowV2: 163.56668734550476
[INFO GPL-0065] OverflowTileCnt2: 1277
[INFO GPL-0066] 0.5%RC: 1.1608243249043697
[INFO GPL-0067] 1.0%RC: 1.0982382506579609
[INFO GPL-0068] 2.0%RC: 1.0491191253289804
[INFO GPL-0069] 5.0%RC: 1.019650010493213
[INFO GPL-0070] 0.5rcK: 1.0
[INFO GPL-0071] 1.0rcK: 1.0
[INFO GPL-0072] 2.0rcK: 0.0
[INFO GPL-0073] 5.0rcK: 0.0
[INFO GPL-0074] FinalRC: 1.1295313
[NesterovSolve] Iter: 370 overflow: 0.173888 HPWL: 1236724091
[NesterovSolve] Iter: 380 overflow: 0.140899 HPWL: 1247927199
[NesterovSolve] Iter: 390 overflow: 0.116633 HPWL: 1255513699
[NesterovSolve] Finished with Overflow: 0.099533
# IO Placement
place_pins -hor_layers $io_placer_hor_layer -ver_layers $io_placer_ver_layer
Found 0 macro blocks.
Using 1u default distance from corners.
Using 2 tracks default min distance between IO pins.
[INFO PPL-0010] Tentative 0 to set up sections.
[INFO PPL-0001] Number of slots          7290
[INFO PPL-0002] Number of I/O            388
[INFO PPL-0003] Number of I/O w/sink     388
[INFO PPL-0004] Number of I/O w/o sink   0
[INFO PPL-0005] Slots per section        200
[INFO PPL-0006] Slots increase factor    0.01
[INFO PPL-0008] Successfully assigned pins to sections.
[INFO PPL-0012] I/O nets HPWL: 253104.16 um.
# checkpoint
set global_place_def [make_result_file ${design}_${platform}_global_place.def]
write_def $global_place_def
################################################################
# Repair max slew/cap/fanout violations and normalize slews
source $layer_rc_file
set_wire_rc -signal -layer $wire_rc_layer
set_wire_rc -clock  -layer $wire_rc_layer_clk
set_dont_use $dont_use
estimate_parasitics -placement
repair_design -slew_margin $slew_margin -cap_margin $cap_margin
[INFO RSZ-0058] Using max wire length 2393um.
[INFO RSZ-0034] Found 352 slew violations.
[INFO RSZ-0036] Found 125 capacitance violations.
[INFO RSZ-0037] Found 1 long wires.
[INFO RSZ-0038] Inserted 330 buffers in 352 nets.
[INFO RSZ-0039] Resized 5850 instances.
repair_tie_fanout -separation $tie_separation $tielo_port
repair_tie_fanout -separation $tie_separation $tiehi_port
set_placement_padding -global -left $detail_place_pad -right $detail_place_pad
detailed_placement
Placement Analysis
---------------------------------
total displacement      32666.6 u
average displacement        0.6 u
max displacement           14.0 u
original HPWL         1165140.4 u
legalized HPWL        1180946.7 u
delta HPWL                    1 %

# post resize timing report (ideal clocks)
report_worst_slack -min -digits 3
worst slack 0.435
report_worst_slack -max -digits 3
worst slack -1.599
report_tns -digits 3
tns -197.849
# Check slew repair
report_check_types -max_slew -max_capacitance -max_fanout -violators
utl::metric "RSZ::repair_design_buffer_count" [rsz::repair_design_buffer_count]
utl::metric "RSZ::max_slew_slack" [expr [sta::max_slew_check_slack_limit] * 100]
utl::metric "RSZ::max_fanout_slack" [expr [sta::max_fanout_check_slack_limit] * 100]
utl::metric "RSZ::max_capacitance_slack" [expr [sta::max_capacitance_check_slack_limit] * 100]
################################################################
# Clock Tree Synthesis
# Clone clock tree inverters next to register loads
# so cts does not try to buffer the inverted clocks.
repair_clock_inverters
clock_tree_synthesis -root_buf $cts_buffer -buf_list $cts_buffer \
  -sink_clustering_enable \
  -sink_clustering_max_diameter $cts_cluster_diameter
[INFO CTS-0049] Characterization buffer is: sky130_fd_sc_hd__clkbuf_4.
[INFO CTS-0039] Number of created patterns = 11880.
[INFO CTS-0084] Compiling LUT.
Min. len    Max. len    Min. cap    Max. cap    Min. slew   Max. slew
2           8           1           36          1           86          
[WARNING CTS-0043] 1584 wires are pure wire and no slew degradation.
TritonCTS forced slew degradation on these wires.
[INFO CTS-0046]     Number of wire segments: 11880.
[INFO CTS-0047]     Number of keys in characterization LUT: 1895.
[INFO CTS-0048]     Actual min input cap: 1.
[INFO CTS-0007] Net "clk" found for clock "clk".
[INFO CTS-0010]  Clock net "clk" has 530 sinks.
[INFO CTS-0008] TritonCTS found 1 clock nets.
[INFO CTS-0097] Characterization used 1 buffer(s) types.
[INFO CTS-0027] Generating H-Tree topology for net clk.
[INFO CTS-0028]  Total number of sinks: 530.
[INFO CTS-0029]  Sinks will be clustered in groups of up to 20 and with maximum cluster diameter of 100.0 um.
[INFO CTS-0030]  Number of static layers: 0.
[INFO CTS-0020]  Wire segment unit: 13000  dbu (13 um).
[INFO CTS-0019]  Total number of sinks after clustering: 95.
[INFO CTS-0024]  Normalized sink region: [(36.0278, 3.24769), (119.302, 134.601)].
[INFO CTS-0025]     Width:  83.2742.
[INFO CTS-0026]     Height: 131.3532.
 Level 1
    Direction: Vertical
    Sinks per sub-region: 48
    Sub-region size: 83.2742 X 65.6766
[INFO CTS-0034]     Segment length (rounded): 32.
    Key: 333 outSlew: 10 load: 1 length: 8 isBuffered: true
    Key: 341 outSlew: 10 load: 1 length: 8 isBuffered: true
    Key: 341 outSlew: 10 load: 1 length: 8 isBuffered: true
    Key: 341 outSlew: 10 load: 1 length: 8 isBuffered: true
 Level 2
    Direction: Horizontal
    Sinks per sub-region: 24
    Sub-region size: 41.6371 X 65.6766
[INFO CTS-0034]     Segment length (rounded): 20.
    Key: 341 outSlew: 10 load: 1 length: 8 isBuffered: true
    Key: 341 outSlew: 10 load: 1 length: 8 isBuffered: true
    Key: 50 outSlew: 7 load: 1 length: 4 isBuffered: true
 Level 3
    Direction: Vertical
    Sinks per sub-region: 12
    Sub-region size: 41.6371 X 32.8383
[INFO CTS-0034]     Segment length (rounded): 16.
    Key: 338 outSlew: 10 load: 1 length: 8 isBuffered: true
    Key: 341 outSlew: 10 load: 1 length: 8 isBuffered: true
 Out of 21 sinks, 1 sinks closer to other cluster.
[INFO CTS-0032]  Stop criterion found. Max number of sinks is 15.
[INFO CTS-0035]  Number of sinks covered: 95.
[INFO CTS-0036]  Average source sink dist: 74192.31 dbu.
[INFO CTS-0037]  Number of outlier sinks: 18.
[INFO CTS-0018]     Created 187 clock buffers.
[INFO CTS-0012]     Minimum number of buffers in the clock path: 10.
[INFO CTS-0013]     Maximum number of buffers in the clock path: 16.
[INFO CTS-0015]     Created 187 clock nets.
[INFO CTS-0016]     Fanout distribution for the current clock = 2:18, 3:11, 4:11, 5:8, 6:6, 7:3, 9:6, 10:8, 11:2, 12:2, 13:5, 14:1, 15:2, 16:1, 17:1, 19:1, 20:3..
[INFO CTS-0017]     Max level of the clock tree: 3.
[INFO CTS-0098] Clock net "clk"
[INFO CTS-0099]  Sinks 530
[INFO CTS-0100]  Leaf buffers 81
[INFO CTS-0101]  Average sink wire length 2393.61 um
[INFO CTS-0102]  Path depth 10 - 16
# CTS leaves a long wire from the pad to the clock tree root.
repair_clock_nets
[INFO RSZ-0058] Using max wire length 2393um.
# place clock buffers
detailed_placement
Placement Analysis
---------------------------------
total displacement        458.3 u
average displacement        0.0 u
max displacement            9.6 u
original HPWL         1201106.4 u
legalized HPWL        1201243.7 u
delta HPWL                    0 %

# checkpoint
set cts_def [make_result_file ${design}_${platform}_cts.def]
write_def $cts_def
################################################################
# Setup/hold timing repair
set_propagated_clock [all_clocks]
# Global routing is fast enough for the flow regressions.
# It is NOT FAST ENOUGH FOR PRODUCTION USE (this means you, openlane).
set repair_timing_use_grt_parasitics 0
if { $repair_timing_use_grt_parasitics } {
  # Global route for parasitics - no guide file requied
  global_route -congestion_iterations $global_route_congestion_iterations
  estimate_parasitics -global_routing
} else {
  estimate_parasitics -placement
}
repair_timing
[INFO RSZ-0040] Inserted 256 buffers.
[INFO RSZ-0041] Resized 19 instances.
[WARNING RSZ-0062] Unable to repair all setup violations.
[INFO RSZ-0046] Found 284 endpoints with hold violations.
[INFO RSZ-0032] Inserted 658 hold buffers.
# Post timing repair.
report_worst_slack -min -digits 3
worst slack 0.002
report_worst_slack -max -digits 3
worst slack -1.242
report_tns -digits 3
tns -209.467
report_check_types -max_slew -max_capacitance -max_fanout -violators -digits 3
utl::metric "RSZ::worst_slack_min" [sta::worst_slack -min]
utl::metric "RSZ::worst_slack_max" [sta::worst_slack -max]
utl::metric "RSZ::tns_max" [sta::total_negative_slack -max]
utl::metric "RSZ::hold_buffer_count" [rsz::hold_buffer_count]
################################################################
# Detailed Placement (final)
detailed_placement
Placement Analysis
---------------------------------
total displacement       3127.6 u
average displacement        0.1 u
max displacement           12.2 u
original HPWL         1225269.4 u
legalized HPWL        1227155.3 u
delta HPWL                    0 %

# Capture utilization before fillers make it 100%
utl::metric "DPL::utilization" [format %.1f [expr [rsz::utilization] * 100]]
utl::metric "DPL::design_area" [sta::format_area [rsz::design_area] 0]
filler_placement $filler_cells
[INFO DPL-0001] Placed 353500 filler instances.
check_placement -verbose
################################################################
# Global routing
pin_access
[INFO DRT-0149] Reading tech and libs.

Units:                1000
Number of layers:     13
Number of macros:     437
Number of vias:       25
Number of viarulegen: 25

[INFO DRT-0150] Reading design.

Design:                   aes_cipher_top
Die area:                 ( 0 0 ) ( 2000000 2000000 )
Number of track patterns: 12
Number of DEF vias:       4
Number of components:     409989
Number of terminals:      388
Number of snets:          2
Number of nets:           16434

[INFO DRT-0167] List of default vias:
  Layer mcon
    default via: L1M1_PR
  Layer via
    default via: M1M2_PR
  Layer via2
    default via: M2M3_PR
  Layer via3
    default via: M3M4_PR
  Layer via4
    default via: M4M5_PR
[INFO DRT-0162] Library cell analysis.
[INFO DRT-0163] Instance analysis.
  Complete 10000 instances.
  Complete 20000 instances.
  Complete 30000 instances.
  Complete 40000 instances.
  Complete 50000 instances.
  Complete 60000 instances.
  Complete 70000 instances.
  Complete 80000 instances.
  Complete 90000 instances.
  Complete 100000 instances.
  Complete 200000 instances.
  Complete 300000 instances.
  Complete 400000 instances.
[INFO DRT-0164] Number of unique instances = 457.
[INFO DRT-0168] Init region query.
[INFO DRT-0018]   Complete 10000 insts.
[INFO DRT-0018]   Complete 20000 insts.
[INFO DRT-0018]   Complete 30000 insts.
[INFO DRT-0018]   Complete 40000 insts.
[INFO DRT-0018]   Complete 50000 insts.
[INFO DRT-0018]   Complete 60000 insts.
[INFO DRT-0018]   Complete 70000 insts.
[INFO DRT-0018]   Complete 80000 insts.
[INFO DRT-0018]   Complete 90000 insts.
[INFO DRT-0019]   Complete 100000 insts.
[INFO DRT-0019]   Complete 200000 insts.
[INFO DRT-0019]   Complete 300000 insts.
[INFO DRT-0019]   Complete 400000 insts.
[INFO DRT-0024]   Complete FR_MASTERSLICE.
[INFO DRT-0024]   Complete FR_VIA.
[INFO DRT-0024]   Complete li1.
[INFO DRT-0024]   Complete mcon.
[INFO DRT-0024]   Complete met1.
[INFO DRT-0024]   Complete via.
[INFO DRT-0024]   Complete met2.
[INFO DRT-0024]   Complete via2.
[INFO DRT-0024]   Complete met3.
[INFO DRT-0024]   Complete via3.
[INFO DRT-0024]   Complete met4.
[INFO DRT-0024]   Complete via4.
[INFO DRT-0024]   Complete met5.
[INFO DRT-0033] FR_MASTERSLICE shape region query size = 0.
[INFO DRT-0033] FR_VIA shape region query size = 0.
[INFO DRT-0033] li1 shape region query size = 1313040.
[INFO DRT-0033] mcon shape region query size = 4685.
[INFO DRT-0033] met1 shape region query size = 873899.
[INFO DRT-0033] via shape region query size = 204480.
[INFO DRT-0033] met2 shape region query size = 122919.
[INFO DRT-0033] via2 shape region query size = 163584.
[INFO DRT-0033] met3 shape region query size = 122845.
[INFO DRT-0033] via3 shape region query size = 163584.
[INFO DRT-0033] met4 shape region query size = 49152.
[INFO DRT-0033] via4 shape region query size = 8128.
[INFO DRT-0033] met5 shape region query size = 8255.
[INFO DRT-0165] Start pin access.
[INFO DRT-0076]   Complete 100 pins.
[INFO DRT-0076]   Complete 200 pins.
[INFO DRT-0076]   Complete 300 pins.
[INFO DRT-0076]   Complete 400 pins.
[INFO DRT-0076]   Complete 500 pins.
[INFO DRT-0076]   Complete 600 pins.
[INFO DRT-0076]   Complete 700 pins.
[INFO DRT-0076]   Complete 800 pins.
[INFO DRT-0076]   Complete 900 pins.
[INFO DRT-0077]   Complete 1000 pins.
[INFO DRT-0078]   Complete 1951 pins.
[INFO DRT-0079]   Complete 100 unique inst patterns.
[INFO DRT-0079]   Complete 200 unique inst patterns.
[INFO DRT-0079]   Complete 300 unique inst patterns.
[INFO DRT-0079]   Complete 400 unique inst patterns.
[INFO DRT-0081]   Complete 447 unique inst patterns.
[INFO DRT-0082]   Complete 1000 groups.
[INFO DRT-0082]   Complete 2000 groups.
[INFO DRT-0082]   Complete 3000 groups.
[INFO DRT-0082]   Complete 4000 groups.
[INFO DRT-0082]   Complete 5000 groups.
[INFO DRT-0082]   Complete 6000 groups.
[INFO DRT-0082]   Complete 7000 groups.
[INFO DRT-0082]   Complete 8000 groups.
[INFO DRT-0082]   Complete 9000 groups.
[INFO DRT-0083]   Complete 10000 groups.
[INFO DRT-0084]   Complete 16169 groups.
#scanned instances     = 409989
#unique  instances     = 457
#stdCellGenAp          = 14763
#stdCellValidPlanarAp  = 70
#stdCellValidViaAp     = 11307
#stdCellPinNoAp        = 0
#stdCellPinCnt         = 63485
#instTermValidViaApCnt = 0
#macroGenAp            = 0
#macroValidPlanarAp    = 0
#macroValidViaAp       = 0
#macroNoAp             = 0
[INFO DRT-0166] Complete pin access.
[INFO DRT-0267] cpu time = 00:00:09, elapsed time = 00:00:09, memory = 955.70 (MB), peak = 955.70 (MB)
set route_guide [make_result_file ${design}_${platform}.route_guide]
global_route -guide_file $route_guide \
  -congestion_iterations $global_route_congestion_iterations
set antenna_report [make_result_file ${design}_${platform}_ant.log]
set antenna_errors [check_antennas -report_violating_nets -report_file $antenna_report]
[INFO ANT-0001] Found 0 pin violations.
[INFO ANT-0002] Found 0 net violations in 16434 nets.
utl::metric "GRT::ANT::errors" $antenna_errors
if { $antenna_errors > 0 } {
  utl::error FLW 1 "found $antenna_errors antenna violations"
}
set verilog_file [make_result_file ${design}_${platform}.v]
write_verilog -remove_cells $filler_cells $verilog_file
[WARNING STA-0305] object 'sky130_fd_sc_hd__fill_*' not found.
################################################################
# Detailed routing
set num_threads 16
if { [info exists env(EDA_THREADS)] } { set num_threads $env(EDA_THREADS) }
set_thread_count $num_threads
[INFO ORD-0030] Using 8 thread(s).
detailed_route -guide $route_guide \
               -output_guide [make_result_file "${design}_${platform}_output_guide.mod"] \
               -output_drc [make_result_file "${design}_${platform}_route_drc.rpt"] \
               -output_maze [make_result_file "${design}_${platform}_maze.log"] \
               -no_pin_access \
               -verbose 0
[INFO DRT-0156] guideIn read 100000 guides.
[INFO DRT-1000] Pin _30460_/A not in any guide. Attempting to patch guides to cover (at least part of) the pin.
[INFO DRT-1000] Pin _20877_/A not in any guide. Attempting to patch guides to cover (at least part of) the pin.
[INFO DRT-0178] Init guide query.
[INFO DRT-0036] FR_MASTERSLICE guide region query size = 0.
[INFO DRT-0036] FR_VIA guide region query size = 0.
[INFO DRT-0036] li1 guide region query size = 58023.
[INFO DRT-0036] mcon guide region query size = 0.
[INFO DRT-0036] met1 guide region query size = 53847.
[INFO DRT-0036] via guide region query size = 0.
[INFO DRT-0036] met2 guide region query size = 33988.
[INFO DRT-0036] via2 guide region query size = 0.
[INFO DRT-0036] met3 guide region query size = 5281.
[INFO DRT-0036] via3 guide region query size = 0.
[INFO DRT-0036] met4 guide region query size = 1200.
[INFO DRT-0036] via4 guide region query size = 0.
[INFO DRT-0036] met5 guide region query size = 27.
[INFO DRT-0179] Init gr pin query.
set drv_count [detailed_route_num_drvs]
utl::metric "DRT::drv" $drv_count
set routed_def [make_result_file ${design}_${platform}_route.def]
write_def $routed_def
################################################################
# Extraction
if { $rcx_rules_file != "" } {
  define_process_corner -ext_model_index 0 X
  extract_parasitics -ext_model_file $rcx_rules_file
  set spef_file [make_result_file ${design}_${platform}.spef]
  write_spef $spef_file
  read_spef $spef_file
} else {
  # Use global routing based parasitics inlieu of rc extraction
  estimate_parasitics -global_routing
}
[INFO RCX-0431] Defined process_corner X with ext_model_index 0
[INFO RCX-0029] Defined extraction corner X
[INFO RCX-0008] extracting parasitics of aes_cipher_top ...
Notice 0: Split top of 8078 T shapes.
[INFO RCX-0435] Reading extraction model file sky130hd/sky130hd.rcx_rules ...
[INFO RCX-0436] RC segment generation aes_cipher_top (max_merge_res 50.0) ...
[INFO RCX-0040] Final 96748 rc segments
[INFO RCX-0439] Coupling Cap extraction aes_cipher_top ...
[INFO RCX-0440] Coupling threshhold is 0.1000 fF, coupling capacitance less than 0.1000 fF will be grounded.
[INFO RCX-0043] 236224 wires to be extracted
[INFO RCX-0442] 9% completion -- 22746 wires have been extracted
[INFO RCX-0442] 33% completion -- 78345 wires have been extracted
[INFO RCX-0442] 57% completion -- 135092 wires have been extracted
[INFO RCX-0442] 67% completion -- 158788 wires have been extracted
[INFO RCX-0442] 79% completion -- 188886 wires have been extracted
[INFO RCX-0442] 97% completion -- 230102 wires have been extracted
[INFO RCX-0045] Extract 16434 nets, 113179 rsegs, 113179 caps, 197705 ccs
[INFO RCX-0015] Finished extracting aes_cipher_top.
[INFO RCX-0016] Writing SPEF ...
[INFO RCX-0443] 16434 nets finished
[INFO RCX-0017] Finished writing SPEF ...
################################################################
# Final Report
report_checks -path_delay min_max -format full_clock_expanded \
  -fields {input_pin slew capacitance} -digits 3
Startpoint: _33789_ (rising edge-triggered flip-flop clocked by clk)
Endpoint: _33571_ (rising edge-triggered flip-flop clocked by clk)
Path Group: clk
Path Type: min

     Cap     Slew    Delay     Time   Description
---------------------------------------------------------------------------
                     0.000    0.000   clock clk (rise edge)
                     0.000    0.000   clock source latency
   0.163    0.000    0.000    0.000 ^ clk (in)
            0.034    0.017    0.017 ^ clkbuf_0_clk/A (sky130_fd_sc_hd__clkbuf_4)
   0.023    0.082    0.157    0.174 ^ clkbuf_0_clk/X (sky130_fd_sc_hd__clkbuf_4)
            0.082    0.001    0.175 ^ clkbuf_1_0_0_clk/A (sky130_fd_sc_hd__clkbuf_4)
   0.009    0.044    0.143    0.318 ^ clkbuf_1_0_0_clk/X (sky130_fd_sc_hd__clkbuf_4)
            0.044    0.000    0.318 ^ clkbuf_1_0_1_clk/A (sky130_fd_sc_hd__clkbuf_4)
   0.010    0.047    0.132    0.450 ^ clkbuf_1_0_1_clk/X (sky130_fd_sc_hd__clkbuf_4)
            0.047    0.000    0.450 ^ clkbuf_1_0_2_clk/A (sky130_fd_sc_hd__clkbuf_4)
   0.009    0.044    0.130    0.580 ^ clkbuf_1_0_2_clk/X (sky130_fd_sc_hd__clkbuf_4)
            0.044    0.000    0.580 ^ clkbuf_1_0_3_clk/A (sky130_fd_sc_hd__clkbuf_4)
   0.049    0.154    0.214    0.795 ^ clkbuf_1_0_3_clk/X (sky130_fd_sc_hd__clkbuf_4)
            0.154    0.002    0.797 ^ clkbuf_2_0_0_clk/A (sky130_fd_sc_hd__clkbuf_4)
   0.012    0.053    0.177    0.974 ^ clkbuf_2_0_0_clk/X (sky130_fd_sc_hd__clkbuf_4)
            0.053    0.000    0.974 ^ clkbuf_2_0_1_clk/A (sky130_fd_sc_hd__clkbuf_4)
   0.011    0.049    0.137    1.111 ^ clkbuf_2_0_1_clk/X (sky130_fd_sc_hd__clkbuf_4)
            0.049    0.000    1.112 ^ clkbuf_2_0_2_clk/A (sky130_fd_sc_hd__clkbuf_4)
   0.036    0.117    0.189    1.301 ^ clkbuf_2_0_2_clk/X (sky130_fd_sc_hd__clkbuf_4)
            0.117    0.001    1.302 ^ clkbuf_3_0_0_clk/A (sky130_fd_sc_hd__clkbuf_4)
   0.011    0.050    0.161    1.463 ^ clkbuf_3_0_0_clk/X (sky130_fd_sc_hd__clkbuf_4)
            0.050    0.000    1.464 ^ clkbuf_3_0_1_clk/A (sky130_fd_sc_hd__clkbuf_4)
   0.162    0.479    0.437    1.901 ^ clkbuf_3_0_1_clk/X (sky130_fd_sc_hd__clkbuf_4)
            0.480    0.012    1.913 ^ clkbuf_leaf_2_clk/A (sky130_fd_sc_hd__clkbuf_4)
   0.020    0.079    0.278    2.191 ^ clkbuf_leaf_2_clk/X (sky130_fd_sc_hd__clkbuf_4)
            0.079    0.000    2.191 ^ _33789_/CLK (sky130_fd_sc_hd__dfxtp_4)
   0.053    0.157    0.441    2.632 ^ _33789_/Q (sky130_fd_sc_hd__dfxtp_4)
            0.157    0.004    2.636 ^ _26462_/A1 (sky130_fd_sc_hd__mux2i_4)
   0.036    0.105    0.147    2.784 v _26462_/Y (sky130_fd_sc_hd__mux2i_4)
            0.106    0.005    2.789 v _26463_/B (sky130_fd_sc_hd__xnor2_2)
   0.012    0.068    0.176    2.965 v _26463_/Y (sky130_fd_sc_hd__xnor2_2)
            0.068    0.001    2.966 v _33571_/D (sky130_fd_sc_hd__dfxtp_4)
                              2.966   data arrival time

                     0.000    0.000   clock clk (rise edge)
                     0.000    0.000   clock source latency
   0.163    0.000    0.000    0.000 ^ clk (in)
            0.034    0.017    0.017 ^ clkbuf_0_clk/A (sky130_fd_sc_hd__clkbuf_4)
   0.023    0.082    0.157    0.174 ^ clkbuf_0_clk/X (sky130_fd_sc_hd__clkbuf_4)
            0.082    0.001    0.175 ^ clkbuf_1_1_0_clk/A (sky130_fd_sc_hd__clkbuf_4)
   0.010    0.047    0.146    0.321 ^ clkbuf_1_1_0_clk/X (sky130_fd_sc_hd__clkbuf_4)
            0.047    0.000    0.321 ^ clkbuf_1_1_1_clk/A (sky130_fd_sc_hd__clkbuf_4)
   0.012    0.052    0.138    0.459 ^ clkbuf_1_1_1_clk/X (sky130_fd_sc_hd__clkbuf_4)
            0.052    0.000    0.459 ^ clkbuf_1_1_2_clk/A (sky130_fd_sc_hd__clkbuf_4)
   0.010    0.047    0.135    0.594 ^ clkbuf_1_1_2_clk/X (sky130_fd_sc_hd__clkbuf_4)
            0.047    0.000    0.595 ^ clkbuf_1_1_3_clk/A (sky130_fd_sc_hd__clkbuf_4)
   0.064    0.194    0.245    0.839 ^ clkbuf_1_1_3_clk/X (sky130_fd_sc_hd__clkbuf_4)
            0.195    0.003    0.843 ^ clkbuf_2_2_0_clk/A (sky130_fd_sc_hd__clkbuf_4)
   0.012    0.052    0.189    1.031 ^ clkbuf_2_2_0_clk/X (sky130_fd_sc_hd__clkbuf_4)
            0.052    0.000    1.032 ^ clkbuf_2_2_1_clk/A (sky130_fd_sc_hd__clkbuf_4)
   0.011    0.049    0.137    1.169 ^ clkbuf_2_2_1_clk/X (sky130_fd_sc_hd__clkbuf_4)
            0.049    0.000    1.169 ^ clkbuf_2_2_2_clk/A (sky130_fd_sc_hd__clkbuf_4)
   0.029    0.098    0.175    1.344 ^ clkbuf_2_2_2_clk/X (sky130_fd_sc_hd__clkbuf_4)
            0.098    0.001    1.346 ^ clkbuf_3_4_0_clk/A (sky130_fd_sc_hd__clkbuf_4)
   0.011    0.050    0.155    1.500 ^ clkbuf_3_4_0_clk/X (sky130_fd_sc_hd__clkbuf_4)
            0.050    0.000    1.501 ^ clkbuf_3_4_1_clk/A (sky130_fd_sc_hd__clkbuf_4)
   0.238    0.695    0.592    2.093 ^ clkbuf_3_4_1_clk/X (sky130_fd_sc_hd__clkbuf_4)
            0.695    0.006    2.098 ^ clkbuf_opt_8_0_clk/A (sky130_fd_sc_hd__clkbuf_4)
   0.010    0.063    0.292    2.390 ^ clkbuf_opt_8_0_clk/X (sky130_fd_sc_hd__clkbuf_4)
            0.063    0.000    2.391 ^ clkbuf_opt_8_1_clk/A (sky130_fd_sc_hd__clkbuf_4)
   0.009    0.043    0.135    2.526 ^ clkbuf_opt_8_1_clk/X (sky130_fd_sc_hd__clkbuf_4)
            0.043    0.000    2.526 ^ clkbuf_opt_8_2_clk/A (sky130_fd_sc_hd__clkbuf_4)
   0.009    0.044    0.128    2.654 ^ clkbuf_opt_8_2_clk/X (sky130_fd_sc_hd__clkbuf_4)
            0.044    0.000    2.655 ^ clkbuf_opt_8_3_clk/A (sky130_fd_sc_hd__clkbuf_4)
   0.033    0.109    0.181    2.836 ^ clkbuf_opt_8_3_clk/X (sky130_fd_sc_hd__clkbuf_4)
            0.109    0.002    2.837 ^ clkbuf_leaf_10_clk/A (sky130_fd_sc_hd__clkbuf_4)
   0.075    0.225    0.289    3.126 ^ clkbuf_leaf_10_clk/X (sky130_fd_sc_hd__clkbuf_4)
            0.225    0.002    3.128 ^ _33571_/CLK (sky130_fd_sc_hd__dfxtp_4)
                     0.000    3.128   clock reconvergence pessimism
                    -0.017    3.112   library hold time
                              3.112   data required time
---------------------------------------------------------------------------
                              3.112   data required time
                             -2.966   data arrival time
---------------------------------------------------------------------------
                             -0.146   slack (VIOLATED)


Startpoint: _33587_ (rising edge-triggered flip-flop clocked by clk)
Endpoint: _33605_ (rising edge-triggered flip-flop clocked by clk)
Path Group: clk
Path Type: max

     Cap     Slew    Delay     Time   Description
---------------------------------------------------------------------------
                     0.000    0.000   clock clk (rise edge)
                     0.000    0.000   clock source latency
   0.163    0.000    0.000    0.000 ^ clk (in)
            0.034    0.017    0.017 ^ clkbuf_0_clk/A (sky130_fd_sc_hd__clkbuf_4)
   0.023    0.082    0.157    0.174 ^ clkbuf_0_clk/X (sky130_fd_sc_hd__clkbuf_4)
            0.082    0.001    0.175 ^ clkbuf_1_1_0_clk/A (sky130_fd_sc_hd__clkbuf_4)
   0.010    0.047    0.146    0.321 ^ clkbuf_1_1_0_clk/X (sky130_fd_sc_hd__clkbuf_4)
            0.047    0.000    0.321 ^ clkbuf_1_1_1_clk/A (sky130_fd_sc_hd__clkbuf_4)
   0.012    0.052    0.138    0.459 ^ clkbuf_1_1_1_clk/X (sky130_fd_sc_hd__clkbuf_4)
            0.052    0.000    0.459 ^ clkbuf_1_1_2_clk/A (sky130_fd_sc_hd__clkbuf_4)
   0.010    0.047    0.135    0.594 ^ clkbuf_1_1_2_clk/X (sky130_fd_sc_hd__clkbuf_4)
            0.047    0.000    0.595 ^ clkbuf_1_1_3_clk/A (sky130_fd_sc_hd__clkbuf_4)
   0.064    0.194    0.245    0.839 ^ clkbuf_1_1_3_clk/X (sky130_fd_sc_hd__clkbuf_4)
            0.195    0.003    0.842 ^ clkbuf_2_3_0_clk/A (sky130_fd_sc_hd__clkbuf_4)
   0.011    0.051    0.188    1.030 ^ clkbuf_2_3_0_clk/X (sky130_fd_sc_hd__clkbuf_4)
            0.051    0.000    1.031 ^ clkbuf_2_3_1_clk/A (sky130_fd_sc_hd__clkbuf_4)
   0.013    0.054    0.141    1.171 ^ clkbuf_2_3_1_clk/X (sky130_fd_sc_hd__clkbuf_4)
            0.054    0.000    1.172 ^ clkbuf_2_3_2_clk/A (sky130_fd_sc_hd__clkbuf_4)
   0.032    0.105    0.182    1.354 ^ clkbuf_2_3_2_clk/X (sky130_fd_sc_hd__clkbuf_4)
            0.105    0.001    1.355 ^ clkbuf_3_6_0_clk/A (sky130_fd_sc_hd__clkbuf_4)
   0.010    0.048    0.155    1.510 ^ clkbuf_3_6_0_clk/X (sky130_fd_sc_hd__clkbuf_4)
            0.048    0.000    1.510 ^ clkbuf_3_6_1_clk/A (sky130_fd_sc_hd__clkbuf_4)
   0.197    0.576    0.508    2.018 ^ clkbuf_3_6_1_clk/X (sky130_fd_sc_hd__clkbuf_4)
            0.577    0.012    2.030 ^ clkbuf_leaf_55_clk/A (sky130_fd_sc_hd__clkbuf_4)
   0.030    0.108    0.319    2.350 ^ clkbuf_leaf_55_clk/X (sky130_fd_sc_hd__clkbuf_4)
            0.108    0.001    2.351 ^ _33587_/CLK (sky130_fd_sc_hd__dfxtp_4)
   0.122    0.346    0.572    2.923 ^ _33587_/Q (sky130_fd_sc_hd__dfxtp_4)
            0.346    0.002    2.925 ^ repeater202/A (sky130_fd_sc_hd__buf_16)
   0.247    0.263    0.282    3.207 ^ repeater202/X (sky130_fd_sc_hd__buf_16)
            0.267    0.027    3.234 ^ repeater201/A (sky130_fd_sc_hd__buf_16)
   0.318    0.323    0.293    3.527 ^ repeater201/X (sky130_fd_sc_hd__buf_16)
            0.393    0.114    3.641 ^ _20543_/A (sky130_fd_sc_hd__clkinv_16)
   0.245    0.210    0.225    3.866 v _20543_/Y (sky130_fd_sc_hd__clkinv_16)
            0.244    0.063    3.929 v _22364_/A (sky130_fd_sc_hd__and3_1)
   0.004    0.043    0.234    4.163 v _22364_/X (sky130_fd_sc_hd__and3_1)
            0.043    0.000    4.163 v _22365_/C1 (sky130_fd_sc_hd__a311o_1)
   0.006    0.068    0.285    4.448 v _22365_/X (sky130_fd_sc_hd__a311o_1)
            0.068    0.000    4.448 v _22366_/C1 (sky130_fd_sc_hd__a211oi_1)
   0.008    0.312    0.276    4.724 ^ _22366_/Y (sky130_fd_sc_hd__a211oi_1)
            0.312    0.000    4.725 ^ _22384_/B (sky130_fd_sc_hd__nand4_2)
   0.012    0.144    0.192    4.917 v _22384_/Y (sky130_fd_sc_hd__nand4_2)
            0.144    0.001    4.917 v _22396_/B1 (sky130_fd_sc_hd__a2111oi_4)
   0.090    1.276    1.132    6.049 ^ _22396_/Y (sky130_fd_sc_hd__a2111oi_4)
            1.276    0.017    6.066 ^ repeater31/A (sky130_fd_sc_hd__buf_6)
   0.091    0.190    0.324    6.389 ^ repeater31/X (sky130_fd_sc_hd__buf_6)
            0.190    0.005    6.394 ^ _22458_/A (sky130_fd_sc_hd__xor2_2)
   0.017    0.236    0.248    6.642 ^ _22458_/X (sky130_fd_sc_hd__xor2_2)
            0.236    0.000    6.643 ^ _22459_/B (sky130_fd_sc_hd__xnor2_4)
   0.041    0.132    0.162    6.805 v _22459_/Y (sky130_fd_sc_hd__xnor2_4)
            0.132    0.001    6.806 v _23300_/A (sky130_fd_sc_hd__xnor2_4)
   0.076    0.570    0.521    7.327 ^ _23300_/Y (sky130_fd_sc_hd__xnor2_4)
            0.570    0.005    7.332 ^ _23301_/A0 (sky130_fd_sc_hd__mux2i_2)
   0.010    0.150    0.180    7.512 v _23301_/Y (sky130_fd_sc_hd__mux2i_2)
            0.150    0.000    7.512 v _23302_/B (sky130_fd_sc_hd__xnor2_2)
   0.018    0.272    0.280    7.792 ^ _23302_/Y (sky130_fd_sc_hd__xnor2_2)
            0.272    0.001    7.794 ^ _33605_/D (sky130_fd_sc_hd__dfxtp_2)
                              7.794   data arrival time

                     3.740    3.740   clock clk (rise edge)
                     0.000    3.740   clock source latency
   0.163    0.000    0.000    3.740 ^ clk (in)
            0.034    0.017    3.757 ^ clkbuf_0_clk/A (sky130_fd_sc_hd__clkbuf_4)
   0.023    0.082    0.157    3.914 ^ clkbuf_0_clk/X (sky130_fd_sc_hd__clkbuf_4)
            0.082    0.001    3.915 ^ clkbuf_1_0_0_clk/A (sky130_fd_sc_hd__clkbuf_4)
   0.009    0.044    0.143    4.058 ^ clkbuf_1_0_0_clk/X (sky130_fd_sc_hd__clkbuf_4)
            0.044    0.000    4.058 ^ clkbuf_1_0_1_clk/A (sky130_fd_sc_hd__clkbuf_4)
   0.010    0.047    0.132    4.190 ^ clkbuf_1_0_1_clk/X (sky130_fd_sc_hd__clkbuf_4)
            0.047    0.000    4.190 ^ clkbuf_1_0_2_clk/A (sky130_fd_sc_hd__clkbuf_4)
   0.009    0.044    0.130    4.320 ^ clkbuf_1_0_2_clk/X (sky130_fd_sc_hd__clkbuf_4)
            0.044    0.000    4.320 ^ clkbuf_1_0_3_clk/A (sky130_fd_sc_hd__clkbuf_4)
   0.049    0.154    0.214    4.535 ^ clkbuf_1_0_3_clk/X (sky130_fd_sc_hd__clkbuf_4)
            0.154    0.002    4.537 ^ clkbuf_2_0_0_clk/A (sky130_fd_sc_hd__clkbuf_4)
   0.012    0.053    0.177    4.714 ^ clkbuf_2_0_0_clk/X (sky130_fd_sc_hd__clkbuf_4)
            0.053    0.000    4.714 ^ clkbuf_2_0_1_clk/A (sky130_fd_sc_hd__clkbuf_4)
   0.011    0.049    0.137    4.851 ^ clkbuf_2_0_1_clk/X (sky130_fd_sc_hd__clkbuf_4)
            0.049    0.000    4.852 ^ clkbuf_2_0_2_clk/A (sky130_fd_sc_hd__clkbuf_4)
   0.036    0.117    0.189    5.041 ^ clkbuf_2_0_2_clk/X (sky130_fd_sc_hd__clkbuf_4)
            0.117    0.001    5.042 ^ clkbuf_3_1_0_clk/A (sky130_fd_sc_hd__clkbuf_4)
   0.012    0.053    0.165    5.207 ^ clkbuf_3_1_0_clk/X (sky130_fd_sc_hd__clkbuf_4)
            0.053    0.000    5.207 ^ clkbuf_3_1_1_clk/A (sky130_fd_sc_hd__clkbuf_4)
   0.167    0.490    0.450    5.657 ^ clkbuf_3_1_1_clk/X (sky130_fd_sc_hd__clkbuf_4)
            0.490    0.010    5.667 ^ clkbuf_leaf_7_clk/A (sky130_fd_sc_hd__clkbuf_4)
   0.055    0.173    0.355    6.022 ^ clkbuf_leaf_7_clk/X (sky130_fd_sc_hd__clkbuf_4)
            0.173    0.002    6.024 ^ _33605_/CLK (sky130_fd_sc_hd__dfxtp_2)
                     0.000    6.024   clock reconvergence pessimism
                    -0.092    5.932   library setup time
                              5.932   data required time
---------------------------------------------------------------------------
                              5.932   data required time
                             -7.794   data arrival time
---------------------------------------------------------------------------
                             -1.861   slack (VIOLATED)


report_worst_slack -min -digits 3
worst slack -0.146
report_worst_slack -max -digits 3
worst slack -1.861
report_tns -digits 3
tns -289.193
report_check_types -max_slew -max_capacitance -max_fanout -violators -digits 3
report_clock_skew -digits 3
Clock clk
Latency      CRPR       Skew
_33569_/CLK ^
  3.131
_33500_/CLK ^
  1.983     0.000      1.148

report_power -corner $power_corner
Group                  Internal  Switching    Leakage      Total
                          Power      Power      Power      Power (Watts)
----------------------------------------------------------------
Sequential             6.00e-03   2.90e-03   4.62e-09   8.90e-03  21.0%
Combinational          1.09e-02   2.26e-02   4.97e-08   3.35e-02  79.0%
Macro                  0.00e+00   0.00e+00   0.00e+00   0.00e+00   0.0%
Pad                    0.00e+00   0.00e+00   0.00e+00   0.00e+00   0.0%
----------------------------------------------------------------
Total                  1.69e-02   2.55e-02   5.43e-08   4.24e-02 100.0%
                          39.8%      60.2%       0.0%
report_floating_nets -verbose
report_design_area
Design area 217771 u^2 7% utilization.
utl::metric "DRT::worst_slack_min" [sta::worst_slack -min]
utl::metric "DRT::worst_slack_max" [sta::worst_slack -max]
utl::metric "DRT::tns_max" [sta::total_negative_slack -max]
utl::metric "DRT::clock_skew" [sta::worst_clock_skew -setup]
# slew/cap/fanout slack/limit
utl::metric "DRT::max_slew_slack" [expr [sta::max_slew_check_slack_limit] * 100]
utl::metric "DRT::max_fanout_slack" [expr [sta::max_fanout_check_slack_limit] * 100]
utl::metric "DRT::max_capacitance_slack" [expr [sta::max_capacitance_check_slack_limit] * 100];
# report clock period as a metric for updating limits
utl::metric "DRT::clock_period" [get_property [lindex [all_clocks] 0] period]
# not really useful without pad locations
#set_pdnsim_net_voltage -net $vdd_net_name -voltage $vdd_voltage
#analyze_power_grid -net $vdd_net_name
EDA_RUN_DONE
