{
  "run_id": "replay_gcd_pgp_layeradj",
  "design": "gcd",
  "stage": "post_global_place",
  "checkpoint_def": "/data/dzy/heura_repr/eda/runs/phase0_sweep_0002_base/results/gcd_sky130hd_global_place.def",
  "action": {
    "global_routing_layer_adjustments": [
      [
        "met1",
        0.4
      ],
      [
        "met2",
        0.4
      ],
      [
        "met3",
        0.3
      ],
      [
        "met4",
        0.3
      ],
      [
        "met5",
        0.2
      ]
    ]
  },
  "returncode": 0,
  "duration_s": 14.364,
  "gate_ok": true,
  "metrics": {
    "design": "gcd",
    "setup_wns_ns": -0.6459084561138263,
    "hold_wns_ns": 0.4868993124277592,
    "setup_tns_ns": -16.24355629313841,
    "hold_tns_ns": null,
    "drc_violations": 0.0,
    "vias": 1918.0,
    "wirelength_um": 15539.0,
    "instance_count": null,
    "hpwl_um": 13117.7,
    "hpwl_no_ports_um": 7580.985,
    "hpwl_origin_um": 13171.51,
    "route_def": "/data/dzy/heura_repr/eda/runs_replay/replay_gcd_pgp_layeradj/results/gcd_sky130hd_route.def",
    "metric_convention_version": "metrics_v2_2026-09-22",
    "timing_convention": "setup_hold_v1_2026-09-22",
    "internal_power_w": 0.00056,
    "switching_power_w": 0.000412,
    "leakage_power_w": 9.94e-10,
    "total_power_w": 0.000972,
    "power_source": "OpenSTA rcx_sta Total line (W)"
  },
  "artifact_dir": "/data/dzy/heura_repr/eda/runs_replay/replay_gcd_pgp_layeradj"
}
