Failed to load tclreadline
############################################################################
##
## Copyright (c) 2019, The Regents of the University of California
## All rights reserved.
##
## BSD 3-Clause License
##
## Redistribution and use in source and binary forms, with or without
## modification, are permitted provided that the following conditions are met:
##
## * Redistributions of source code must retain the above copyright notice, this
##   list of conditions and the following disclaimer.
##
## * Redistributions in binary form must reproduce the above copyright notice,
##   this list of conditions and the following disclaimer in the documentation
##   and/or other materials provided with the distribution.
##
## * Neither the name of the copyright holder nor the names of its
##   contributors may be used to endorse or promote products derived from
##   this software without specific prior written permission.
##
## THIS SOFTWARE IS PROVIDED BY THE COPYRIGHT HOLDERS AND CONTRIBUTORS "AS IS"
## AND ANY EXPRESS OR IMPLIED WARRANTIES, INCLUDING, BUT NOT LIMITED TO, THE
## IMPLIED WARRANTIES OF MERCHANTABILITY AND FITNESS FOR A PARTICULAR PURPOSE
## ARE DISCLAIMED. IN NO EVENT SHALL THE COPYRIGHT HOLDER OR CONTRIBUTORS BE
## LIABLE FOR ANY DIRECT, INDIRECT, INCIDENTAL, SPECIAL, EXEMPLARY, OR
## CONSEQUENTIAL DAMAGES (INCLUDING, BUT NOT LIMITED TO, PROCUREMENT OF
## SUBSTITUTE GOODS OR SERVICES; LOSS OF USE, DATA, OR PROFITS; OR BUSINESS
## INTERRUPTION) HOWEVER CAUSED AND ON ANY THEORY OF LIABILITY, WHETHER IN
## CONTRACT, STRICT LIABILITY, OR TORT (INCLUDING NEGLIGENCE OR OTHERWISE)
## ARISING IN ANY WAY OUT OF THE USE OF THIS SOFTWARE, EVEN IF ADVISED OF THE
## POSSIBILITY OF SUCH DAMAGE.
##
############################################################################
# Assumes flow_helpers.tcl has been read.
read_libraries
[INFO ODB-0222] Reading LEF file: sky130hd/sky130hd.tlef
[INFO ODB-0223]     Created 13 technology layers
[INFO ODB-0224]     Created 25 technology vias
[INFO ODB-0226] Finished LEF file:  sky130hd/sky130hd.tlef
[INFO ODB-0222] Reading LEF file: sky130hd/sky130hd_std_cell.lef
[INFO ODB-0225]     Created 437 library cells
[INFO ODB-0226] Finished LEF file:  sky130hd/sky130hd_std_cell.lef
read_verilog $synth_verilog
link_design $top_module
read_sdc $sdc_file
[WARNING STA-0354] set_input_delay relative to a clock defined on the same port/pin not allowed.
utl::metric "IFP::ord_version" [ord::openroad_git_describe]
# Note that sta::network_instance_count is not valid after tapcells are added.
utl::metric "IFP::instance_count" [sta::network_instance_count]
initialize_floorplan -site $site \
  -die_area $die_area \
  -core_area $core_area
[WARNING IFP-0028] Core area lower left (10.070, 9.800) snapped to (10.120, 10.880).
[INFO IFP-0001] Added 1095 rows of 6477 sites.
source $tracks_file
# remove buffers inserted by synthesis 
remove_buffers
[INFO RSZ-0026] Removed 1561 buffers.
################################################################
# IO Placement (random)
place_pins -random -hor_layers $io_placer_hor_layer -ver_layers $io_placer_ver_layer
Found 0 macro blocks.
Using 1u default distance from corners.
Using 2 tracks default min distance between IO pins.
[INFO PPL-0007] Random pin placement.
################################################################
# Macro Placement
if { [have_macros] } {
  global_placement -density $global_place_density
  macro_placement -halo $macro_place_halo -channel $macro_place_channel
}
################################################################
# Tapcell insertion
eval tapcell $tapcell_args
[INFO TAP-0005] Inserted 117927 tapcells.
################################################################
# Power distribution network insertion
source $pdn_cfg
pdngen
[INFO PDN-0001] Inserting grid: grid
################################################################
# Global placement
foreach layer_adjustment $global_routing_layer_adjustments {
  lassign $layer_adjustment layer adjustment
  set_global_routing_layer_adjustment $layer $adjustment
}
set_routing_layers -signal $global_routing_layers \
  -clock $global_routing_clock_layers
set_macro_extension 2
global_placement -routability_driven -density $global_place_density \
  -pad_left $global_place_pad -pad_right $global_place_pad
[INFO GPL-0002] DBU: 1000
[INFO GPL-0003] SiteSize: 460 2720
[INFO GPL-0004] CoreAreaLxLy: 10120 10880
[INFO GPL-0005] CoreAreaUxUy: 2989540 2989280
[INFO GPL-0006] NumInstances: 161999
[INFO GPL-0007] NumPlaceInstances: 44072
[INFO GPL-0008] NumFixedInstances: 117927
[INFO GPL-0009] NumDummyInstances: 0
[INFO GPL-0010] NumNets: 56444
[INFO GPL-0011] NumPins: 152957
[INFO GPL-0012] DieAreaLxLy: 0 0
[INFO GPL-0013] DieAreaUxUy: 3000040 2999800
[INFO GPL-0014] CoreAreaLxLy: 10120 10880
[INFO GPL-0015] CoreAreaUxUy: 2989540 2989280
[INFO GPL-0016] CoreArea: 8873904528000
[INFO GPL-0017] NonPlaceInstsArea: 147550262400
[INFO GPL-0018] PlaceInstsArea: 661760931200
[INFO GPL-0019] Util(%): 7.58
[INFO GPL-0020] StdInstsArea: 661760931200
[INFO GPL-0021] MacroInstsArea: 0
[InitialPlace]  Iter: 1 CG residual: 0.00121316 HPWL: 635527900
[InitialPlace]  Iter: 2 CG residual: 0.00323511 HPWL: 625909457
[InitialPlace]  Iter: 3 CG residual: 0.00050214 HPWL: 633343651
[InitialPlace]  Iter: 4 CG residual: 0.00006519 HPWL: 640535216
[InitialPlace]  Iter: 5 CG residual: 0.00002155 HPWL: 641415151
[InitialPlace]  Iter: 6 CG residual: 0.00001108 HPWL: 642377254
[InitialPlace]  Iter: 7 CG residual: 0.00001221 HPWL: 642456176
[InitialPlace]  Iter: 8 CG residual: 0.00001070 HPWL: 642971127
[InitialPlace]  Iter: 9 CG residual: 0.00001001 HPWL: 642869571
[InitialPlace]  Iter: 10 CG residual: 0.00000724 HPWL: 643237303
[INFO GPL-0031] FillerInit: NumGCells: 176272
[INFO GPL-0032] FillerInit: NumGNets: 56444
[INFO GPL-0033] FillerInit: NumGPins: 152957
[INFO GPL-0023] TargetDensity: 0.30
[INFO GPL-0024] AveragePlaceInstArea: 15015450
[INFO GPL-0025] IdealBinArea: 50051500
[INFO GPL-0026] IdealBinCnt: 177295
[INFO GPL-0027] TotalBinArea: 8873904528000
[INFO GPL-0028] BinCnt: 256 256
[INFO GPL-0029] BinSize: 11639 11635
[INFO GPL-0030] NumBins: 65536
[NesterovSolve] Iter: 1 overflow: 0.99529 HPWL: 216928879
[NesterovSolve] Iter: 10 overflow: 0.988375 HPWL: 301486029
[NesterovSolve] Iter: 20 overflow: 0.98308 HPWL: 280192548
[NesterovSolve] Iter: 30 overflow: 0.979091 HPWL: 276196641
[NesterovSolve] Iter: 40 overflow: 0.976429 HPWL: 277926294
[NesterovSolve] Iter: 50 overflow: 0.974962 HPWL: 280386002
[NesterovSolve] Iter: 60 overflow: 0.974515 HPWL: 281735516
[NesterovSolve] Iter: 70 overflow: 0.974131 HPWL: 283688348
[NesterovSolve] Iter: 80 overflow: 0.973264 HPWL: 285904509
[NesterovSolve] Iter: 90 overflow: 0.972406 HPWL: 287951380
[NesterovSolve] Iter: 100 overflow: 0.971653 HPWL: 289589003
[NesterovSolve] Iter: 110 overflow: 0.970974 HPWL: 290794492
[NesterovSolve] Iter: 120 overflow: 0.97078 HPWL: 291917409
[NesterovSolve] Iter: 130 overflow: 0.970409 HPWL: 293511034
[NesterovSolve] Iter: 140 overflow: 0.970013 HPWL: 296326534
[NesterovSolve] Iter: 150 overflow: 0.969519 HPWL: 301594368
[NesterovSolve] Iter: 160 overflow: 0.969109 HPWL: 311437447
[NesterovSolve] Iter: 170 overflow: 0.96785 HPWL: 327382356
[NesterovSolve] Iter: 180 overflow: 0.965665 HPWL: 349139740
[NesterovSolve] Iter: 190 overflow: 0.962672 HPWL: 376656305
[NesterovSolve] Iter: 200 overflow: 0.957939 HPWL: 411600568
[NesterovSolve] Iter: 210 overflow: 0.949795 HPWL: 457538951
[NesterovSolve] Iter: 220 overflow: 0.938402 HPWL: 517944826
[NesterovSolve] Iter: 230 overflow: 0.920927 HPWL: 594364006
[NesterovSolve] Iter: 240 overflow: 0.897418 HPWL: 683826142
[NesterovSolve] Iter: 250 overflow: 0.866386 HPWL: 783170604
[NesterovSolve] Iter: 260 overflow: 0.829912 HPWL: 886761494
[NesterovSolve] Iter: 270 overflow: 0.790825 HPWL: 982610169
[NesterovSolve] Iter: 280 overflow: 0.749331 HPWL: 1038520346
[NesterovSolve] Iter: 290 overflow: 0.709751 HPWL: 1063840488
[NesterovSolve] Iter: 300 overflow: 0.66861 HPWL: 1153814276
[NesterovSolve] Iter: 310 overflow: 0.629275 HPWL: 1324402012
[NesterovSolve] Snapshot saved at iter = 317
[NesterovSolve] Iter: 320 overflow: 0.59161 HPWL: 1422343953
[NesterovSolve] Iter: 330 overflow: 0.557197 HPWL: 1333782771
[NesterovSolve] Iter: 340 overflow: 0.516919 HPWL: 1480841841
[NesterovSolve] Iter: 350 overflow: 0.487869 HPWL: 1427539564
[NesterovSolve] Iter: 360 overflow: 0.453034 HPWL: 1479395149
[NesterovSolve] Iter: 370 overflow: 0.422852 HPWL: 1398845963
[NesterovSolve] Iter: 380 overflow: 0.390059 HPWL: 1462636672
[NesterovSolve] Iter: 390 overflow: 0.357378 HPWL: 1443850983
[NesterovSolve] Iter: 400 overflow: 0.325655 HPWL: 1430230620
[NesterovSolve] Iter: 410 overflow: 0.301663 HPWL: 1398781142
[NesterovSolve] Iter: 420 overflow: 0.275174 HPWL: 1391066326
[NesterovSolve] Iter: 430 overflow: 0.243349 HPWL: 1396647163
[NesterovSolve] Iter: 440 overflow: 0.219377 HPWL: 1399211365
[INFO GPL-0075] Routability numCall: 1 inflationIterCnt: 1 bloatIterCnt: 0
[INFO GPL-0036] TileLxLy: 0 0
[INFO GPL-0037] TileSize: 6900 6900
[INFO GPL-0038] TileCnt: 434 434
[INFO GPL-0039] numRoutingLayers: 6
[INFO GPL-0040] NumTiles: 188356
[INFO GPL-0063] TotalRouteOverflowH2: 0.0
[INFO GPL-0064] TotalRouteOverflowV2: 13.200001955032349
[INFO GPL-0065] OverflowTileCnt2: 104
[INFO GPL-0066] 0.5%RC: 1.0070212776356555
[INFO GPL-0067] 1.0%RC: 0.9757914360643353
[INFO GPL-0068] 2.0%RC: 0.9264600286937956
[INFO GPL-0069] 5.0%RC: 0.8437042219899026
[INFO GPL-0070] 0.5rcK: 1.0
[INFO GPL-0071] 1.0rcK: 1.0
[INFO GPL-0072] 2.0rcK: 0.0
[INFO GPL-0073] 5.0rcK: 0.0
[INFO GPL-0074] FinalRC: 0.9914064
[NesterovSolve] Iter: 450 overflow: 0.192832 HPWL: 1406296874
[NesterovSolve] Iter: 460 overflow: 0.167574 HPWL: 1411860108
[NesterovSolve] Iter: 470 overflow: 0.145147 HPWL: 1415843810
[NesterovSolve] Iter: 480 overflow: 0.125968 HPWL: 1419826043
[NesterovSolve] Iter: 490 overflow: 0.108774 HPWL: 1425035160
[NesterovSolve] Finished with Overflow: 0.099801
# IO Placement
place_pins -hor_layers $io_placer_hor_layer -ver_layers $io_placer_ver_layer
Found 0 macro blocks.
Using 1u default distance from corners.
Using 2 tracks default min distance between IO pins.
[INFO PPL-0010] Tentative 0 to set up sections.
[INFO PPL-0001] Number of slots          10934
[INFO PPL-0002] Number of I/O            47
[INFO PPL-0003] Number of I/O w/sink     47
[INFO PPL-0004] Number of I/O w/o sink   0
[INFO PPL-0005] Slots per section        200
[INFO PPL-0006] Slots increase factor    0.01
[INFO PPL-0008] Successfully assigned pins to sections.
[INFO PPL-0012] I/O nets HPWL: 43756.96 um.
# checkpoint
set global_place_def [make_result_file ${design}_${platform}_global_place.def]
write_def $global_place_def
################################################################
# Repair max slew/cap/fanout violations and normalize slews
source $layer_rc_file
set_wire_rc -signal -layer $wire_rc_layer
set_wire_rc -clock  -layer $wire_rc_layer_clk
set_dont_use $dont_use
estimate_parasitics -placement
repair_design -slew_margin $slew_margin -cap_margin $cap_margin
[INFO RSZ-0058] Using max wire length 2393um.
[INFO RSZ-0034] Found 7883 slew violations.
[INFO RSZ-0036] Found 26 capacitance violations.
[INFO RSZ-0037] Found 13 long wires.
[INFO RSZ-0038] Inserted 282 buffers in 7884 nets.
[INFO RSZ-0039] Resized 6100 instances.
repair_tie_fanout -separation $tie_separation $tielo_port
[INFO RSZ-0042] Inserted 1 tie sky130_fd_sc_hd__conb_1 instances.
repair_tie_fanout -separation $tie_separation $tiehi_port
[INFO RSZ-0042] Inserted 2 tie sky130_fd_sc_hd__conb_1 instances.
set_placement_padding -global -left $detail_place_pad -right $detail_place_pad
detailed_placement
Placement Analysis
---------------------------------
total displacement     108899.7 u
average displacement        0.7 u
max displacement           14.8 u
original HPWL         1548184.1 u
legalized HPWL        1636328.3 u
delta HPWL                    6 %

# post resize timing report (ideal clocks)
report_worst_slack -min -digits 3
worst slack 0.342
report_worst_slack -max -digits 3
worst slack -1.256
report_tns -digits 3
tns -123.240
# Check slew repair
report_check_types -max_slew -max_capacitance -max_fanout -violators
utl::metric "RSZ::repair_design_buffer_count" [rsz::repair_design_buffer_count]
utl::metric "RSZ::max_slew_slack" [expr [sta::max_slew_check_slack_limit] * 100]
utl::metric "RSZ::max_fanout_slack" [expr [sta::max_fanout_check_slack_limit] * 100]
utl::metric "RSZ::max_capacitance_slack" [expr [sta::max_capacitance_check_slack_limit] * 100]
################################################################
# Clock Tree Synthesis
# Clone clock tree inverters next to register loads
# so cts does not try to buffer the inverted clocks.
repair_clock_inverters
clock_tree_synthesis -root_buf $cts_buffer -buf_list $cts_buffer \
  -sink_clustering_enable \
  -sink_clustering_max_diameter $cts_cluster_diameter
[INFO CTS-0049] Characterization buffer is: sky130_fd_sc_hd__clkbuf_4.
[INFO CTS-0039] Number of created patterns = 11880.
[INFO CTS-0084] Compiling LUT.
Min. len    Max. len    Min. cap    Max. cap    Min. slew   Max. slew
2           8           1           36          1           86          
[WARNING CTS-0043] 1584 wires are pure wire and no slew degradation.
TritonCTS forced slew degradation on these wires.
[INFO CTS-0046]     Number of wire segments: 11880.
[INFO CTS-0047]     Number of keys in characterization LUT: 1895.
[INFO CTS-0048]     Actual min input cap: 1.
[INFO CTS-0007] Net "clk" found for clock "clk".
[INFO CTS-0010]  Clock net "clk" has 4380 sinks.
[INFO CTS-0008] TritonCTS found 1 clock nets.
[INFO CTS-0097] Characterization used 1 buffer(s) types.
[INFO CTS-0027] Generating H-Tree topology for net clk.
[INFO CTS-0028]  Total number of sinks: 4380.
[INFO CTS-0029]  Sinks will be clustered in groups of up to 20 and with maximum cluster diameter of 100.0 um.
[INFO CTS-0030]  Number of static layers: 0.
[INFO CTS-0020]  Wire segment unit: 13000  dbu (13 um).
[INFO CTS-0019]  Total number of sinks after clustering: 402.
[INFO CTS-0024]  Normalized sink region: [(25.0727, 37.3905), (184.598, 173.327)].
[INFO CTS-0025]     Width:  159.5257.
[INFO CTS-0026]     Height: 135.9365.
 Level 1
    Direction: Horizontal
    Sinks per sub-region: 201
    Sub-region size: 79.7628 X 135.9365
[INFO CTS-0034]     Segment length (rounded): 40.
    Key: 333 outSlew: 10 load: 1 length: 8 isBuffered: true
    Key: 341 outSlew: 10 load: 1 length: 8 isBuffered: true
    Key: 341 outSlew: 10 load: 1 length: 8 isBuffered: true
    Key: 341 outSlew: 10 load: 1 length: 8 isBuffered: true
    Key: 341 outSlew: 10 load: 1 length: 8 isBuffered: true
 Level 2
    Direction: Vertical
    Sinks per sub-region: 101
    Sub-region size: 79.7628 X 67.9683
[INFO CTS-0034]     Segment length (rounded): 34.
    Key: 341 outSlew: 10 load: 1 length: 8 isBuffered: true
    Key: 341 outSlew: 10 load: 1 length: 8 isBuffered: true
    Key: 341 outSlew: 10 load: 1 length: 8 isBuffered: true
    Key: 341 outSlew: 10 load: 1 length: 8 isBuffered: true
    Key: 14 outSlew: 7 load: 1 length: 2 isBuffered: true
 Level 3
    Direction: Horizontal
    Sinks per sub-region: 51
    Sub-region size: 39.8814 X 67.9683
[INFO CTS-0034]     Segment length (rounded): 20.
    Key: 338 outSlew: 10 load: 1 length: 8 isBuffered: true
    Key: 341 outSlew: 10 load: 1 length: 8 isBuffered: true
    Key: 50 outSlew: 7 load: 1 length: 4 isBuffered: true
 Out of 89 sinks, 1 sinks closer to other cluster.
 Level 4
    Direction: Vertical
    Sinks per sub-region: 26
    Sub-region size: 39.8814 X 33.9841
[INFO CTS-0034]     Segment length (rounded): 16.
    Key: 338 outSlew: 10 load: 1 length: 8 isBuffered: true
    Key: 341 outSlew: 10 load: 1 length: 8 isBuffered: true
 Level 5
    Direction: Horizontal
    Sinks per sub-region: 13
    Sub-region size: 19.9407 X 33.9841
[INFO CTS-0034]     Segment length (rounded): 10.
    Key: 341 outSlew: 10 load: 1 length: 8 isBuffered: true
    Key: 14 outSlew: 7 load: 1 length: 2 isBuffered: true
[INFO CTS-0032]  Stop criterion found. Max number of sinks is 15.
[INFO CTS-0035]  Number of sinks covered: 402.
[INFO CTS-0036]  Average source sink dist: 44994.03 dbu.
[INFO CTS-0037]  Number of outlier sinks: 90.
[INFO CTS-0018]     Created 740 clock buffers.
[INFO CTS-0012]     Minimum number of buffers in the clock path: 18.
[INFO CTS-0013]     Maximum number of buffers in the clock path: 24.
[INFO CTS-0015]     Created 740 clock nets.
[INFO CTS-0016]     Fanout distribution for the current clock = 2:8, 3:20, 4:10, 5:15, 6:19, 7:26, 8:19, 9:26, 10:27, 11:24, 12:35, 13:24, 14:36, 15:23, 16:26, 17:24, 18:9, 19:16, 20:23, 21:1..
[INFO CTS-0017]     Max level of the clock tree: 5.
[INFO CTS-0098] Clock net "clk"
[INFO CTS-0099]  Sinks 4380
[INFO CTS-0100]  Leaf buffers 379
[INFO CTS-0101]  Average sink wire length 3850.24 um
[INFO CTS-0102]  Path depth 18 - 24
# CTS leaves a long wire from the pad to the clock tree root.
repair_clock_nets
[INFO RSZ-0058] Using max wire length 2393um.
# place clock buffers
detailed_placement
Placement Analysis
---------------------------------
total displacement       2328.2 u
average displacement        0.0 u
max displacement           12.6 u
original HPWL         1716655.3 u
legalized HPWL        1717473.8 u
delta HPWL                    0 %

# checkpoint
set cts_def [make_result_file ${design}_${platform}_cts.def]
write_def $cts_def
################################################################
# Setup/hold timing repair
set_propagated_clock [all_clocks]
# Global routing is fast enough for the flow regressions.
# It is NOT FAST ENOUGH FOR PRODUCTION USE (this means you, openlane).
set repair_timing_use_grt_parasitics 0
if { $repair_timing_use_grt_parasitics } {
  # Global route for parasitics - no guide file requied
  global_route -congestion_iterations $global_route_congestion_iterations
  estimate_parasitics -global_routing
} else {
  estimate_parasitics -placement
}
repair_timing
[INFO RSZ-0040] Inserted 139 buffers.
[INFO RSZ-0041] Resized 41 instances.
[WARNING RSZ-0062] Unable to repair all setup violations.
[INFO RSZ-0046] Found 1361 endpoints with hold violations.
[INFO RSZ-0032] Inserted 68 hold buffers.
# Post timing repair.
report_worst_slack -min -digits 3
worst slack 0.000
report_worst_slack -max -digits 3
worst slack -0.628
report_tns -digits 3
tns -57.866
report_check_types -max_slew -max_capacitance -max_fanout -violators -digits 3
utl::metric "RSZ::worst_slack_min" [sta::worst_slack -min]
utl::metric "RSZ::worst_slack_max" [sta::worst_slack -max]
utl::metric "RSZ::tns_max" [sta::total_negative_slack -max]
utl::metric "RSZ::hold_buffer_count" [rsz::hold_buffer_count]
################################################################
# Detailed Placement (final)
detailed_placement
Placement Analysis
---------------------------------
total displacement       1332.5 u
average displacement        0.0 u
max displacement           10.2 u
original HPWL         1767341.9 u
legalized HPWL        1768056.5 u
delta HPWL                    0 %

# Capture utilization before fillers make it 100%
utl::metric "DPL::utilization" [format %.1f [expr [rsz::utilization] * 100]]
utl::metric "DPL::design_area" [sta::format_area [rsz::design_area] 0]
filler_placement $filler_cells
[INFO DPL-0001] Placed 1039259 filler instances.
check_placement -verbose
################################################################
# Global routing
pin_access
[INFO DRT-0149] Reading tech and libs.

Units:                1000
Number of layers:     13
Number of macros:     437
Number of vias:       25
Number of viarulegen: 25

[INFO DRT-0150] Reading design.

Design:                   jpeg_encoder
Die area:                 ( 0 0 ) ( 3000040 2999800 )
Number of track patterns: 12
Number of DEF vias:       4
Number of components:     1202488
Number of terminals:      47
Number of snets:          2
Number of nets:           57674

[INFO DRT-0167] List of default vias:
  Layer mcon
    default via: L1M1_PR
  Layer via
    default via: M1M2_PR
  Layer via2
    default via: M2M3_PR
  Layer via3
    default via: M3M4_PR
  Layer via4
    default via: M4M5_PR
[INFO DRT-0162] Library cell analysis.
[INFO DRT-0163] Instance analysis.
  Complete 10000 instances.
  Complete 20000 instances.
  Complete 30000 instances.
  Complete 40000 instances.
  Complete 50000 instances.
  Complete 60000 instances.
  Complete 70000 instances.
  Complete 80000 instances.
  Complete 90000 instances.
  Complete 100000 instances.
  Complete 200000 instances.
  Complete 300000 instances.
  Complete 400000 instances.
  Complete 500000 instances.
  Complete 600000 instances.
  Complete 700000 instances.
  Complete 800000 instances.
  Complete 900000 instances.
  Complete 1000000 instances.
  Complete 1100000 instances.
  Complete 1200000 instances.
[INFO DRT-0164] Number of unique instances = 269.
[INFO DRT-0168] Init region query.
[INFO DRT-0018]   Complete 10000 insts.
[INFO DRT-0018]   Complete 20000 insts.
[INFO DRT-0018]   Complete 30000 insts.
[INFO DRT-0018]   Complete 40000 insts.
[INFO DRT-0018]   Complete 50000 insts.
[INFO DRT-0018]   Complete 60000 insts.
[INFO DRT-0018]   Complete 70000 insts.
[INFO DRT-0018]   Complete 80000 insts.
[INFO DRT-0018]   Complete 90000 insts.
[INFO DRT-0019]   Complete 100000 insts.
[INFO DRT-0019]   Complete 200000 insts.
[INFO DRT-0019]   Complete 300000 insts.
[INFO DRT-0019]   Complete 400000 insts.
[INFO DRT-0019]   Complete 500000 insts.
[INFO DRT-0019]   Complete 600000 insts.
[INFO DRT-0019]   Complete 700000 insts.
[INFO DRT-0019]   Complete 800000 insts.
[INFO DRT-0019]   Complete 900000 insts.
[INFO DRT-0019]   Complete 1000000 insts.
[INFO DRT-0019]   Complete 1100000 insts.
[INFO DRT-0019]   Complete 1200000 insts.
[INFO DRT-0024]   Complete FR_MASTERSLICE.
[INFO DRT-0024]   Complete FR_VIA.
[INFO DRT-0024]   Complete li1.
[INFO DRT-0024]   Complete mcon.
[INFO DRT-0024]   Complete met1.
[INFO DRT-0024]   Complete via.
[INFO DRT-0024]   Complete met2.
[INFO DRT-0024]   Complete via2.
[INFO DRT-0024]   Complete met3.
[INFO DRT-0024]   Complete via3.
[INFO DRT-0024]   Complete met4.
[INFO DRT-0024]   Complete via4.
[INFO DRT-0024]   Complete met5.
[INFO DRT-0033] FR_MASTERSLICE shape region query size = 0.
[INFO DRT-0033] FR_VIA shape region query size = 0.
[INFO DRT-0033] li1 shape region query size = 4017267.
[INFO DRT-0033] mcon shape region query size = 41632.
[INFO DRT-0033] met1 shape region query size = 2744572.
[INFO DRT-0033] via shape region query size = 600060.
[INFO DRT-0033] met2 shape region query size = 360058.
[INFO DRT-0033] via2 shape region query size = 480048.
[INFO DRT-0033] met3 shape region query size = 360061.
[INFO DRT-0033] via3 shape region query size = 480048.
[INFO DRT-0033] met4 shape region query size = 144212.
[INFO DRT-0033] via4 shape region query size = 23981.
[INFO DRT-0033] met5 shape region query size = 24200.
[INFO DRT-0165] Start pin access.
[INFO DRT-0076]   Complete 100 pins.
[INFO DRT-0076]   Complete 200 pins.
[INFO DRT-0076]   Complete 300 pins.
[INFO DRT-0076]   Complete 400 pins.
[INFO DRT-0076]   Complete 500 pins.
[INFO DRT-0076]   Complete 600 pins.
[INFO DRT-0076]   Complete 700 pins.
[INFO DRT-0076]   Complete 800 pins.
[INFO DRT-0076]   Complete 900 pins.
[INFO DRT-0078]   Complete 954 pins.
[INFO DRT-0079]   Complete 100 unique inst patterns.
[INFO DRT-0079]   Complete 200 unique inst patterns.
[INFO DRT-0081]   Complete 259 unique inst patterns.
[INFO DRT-0082]   Complete 1000 groups.
[INFO DRT-0082]   Complete 2000 groups.
[INFO DRT-0082]   Complete 3000 groups.
[INFO DRT-0082]   Complete 4000 groups.
[INFO DRT-0082]   Complete 5000 groups.
[INFO DRT-0082]   Complete 6000 groups.
[INFO DRT-0082]   Complete 7000 groups.
[INFO DRT-0082]   Complete 8000 groups.
[INFO DRT-0082]   Complete 9000 groups.
[INFO DRT-0083]   Complete 10000 groups.
[INFO DRT-0083]   Complete 20000 groups.
[INFO DRT-0083]   Complete 30000 groups.
[INFO DRT-0083]   Complete 40000 groups.
[INFO DRT-0084]   Complete 45302 groups.
#scanned instances     = 1202488
#unique  instances     = 269
#stdCellGenAp          = 9109
#stdCellValidPlanarAp  = 168
#stdCellValidViaAp     = 6100
#stdCellPinNoAp        = 0
#stdCellPinCnt         = 155369
#instTermValidViaApCnt = 0
#macroGenAp            = 0
#macroValidPlanarAp    = 0
#macroValidViaAp       = 0
#macroNoAp             = 0
[INFO DRT-0166] Complete pin access.
[INFO DRT-0267] cpu time = 00:00:07, elapsed time = 00:00:07, memory = 2496.92 (MB), peak = 2496.92 (MB)
set route_guide [make_result_file ${design}_${platform}.route_guide]
global_route -guide_file $route_guide \
  -congestion_iterations $global_route_congestion_iterations
set antenna_report [make_result_file ${design}_${platform}_ant.log]
set antenna_errors [check_antennas -report_violating_nets -report_file $antenna_report]
[INFO ANT-0001] Found 0 pin violations.
[INFO ANT-0002] Found 0 net violations in 57674 nets.
utl::metric "GRT::ANT::errors" $antenna_errors
if { $antenna_errors > 0 } {
  utl::error FLW 1 "found $antenna_errors antenna violations"
}
set verilog_file [make_result_file ${design}_${platform}.v]
write_verilog -remove_cells $filler_cells $verilog_file
[WARNING STA-0305] object 'sky130_fd_sc_hd__fill_*' not found.
################################################################
# Detailed routing
set num_threads 16
if { [info exists env(EDA_THREADS)] } { set num_threads $env(EDA_THREADS) }
set_thread_count $num_threads
[INFO ORD-0030] Using 16 thread(s).
detailed_route -guide $route_guide \
               -output_guide [make_result_file "${design}_${platform}_output_guide.mod"] \
               -output_drc [make_result_file "${design}_${platform}_route_drc.rpt"] \
               -output_maze [make_result_file "${design}_${platform}_maze.log"] \
               -no_pin_access \
               -verbose 0
[INFO DRT-0156] guideIn read 100000 guides.
[INFO DRT-0156] guideIn read 200000 guides.
[INFO DRT-0156] guideIn read 300000 guides.
[INFO DRT-1000] Pin _55551_/A not in any guide. Attempting to patch guides to cover (at least part of) the pin.
[INFO DRT-0178] Init guide query.
[INFO DRT-0036] FR_MASTERSLICE guide region query size = 0.
[INFO DRT-0036] FR_VIA guide region query size = 0.
[INFO DRT-0036] li1 guide region query size = 125089.
[INFO DRT-0036] mcon guide region query size = 0.
[INFO DRT-0036] met1 guide region query size = 114551.
[INFO DRT-0036] via guide region query size = 0.
[INFO DRT-0036] met2 guide region query size = 60841.
[INFO DRT-0036] via2 guide region query size = 0.
[INFO DRT-0036] met3 guide region query size = 2933.
[INFO DRT-0036] via3 guide region query size = 0.
[INFO DRT-0036] met4 guide region query size = 1203.
[INFO DRT-0036] via4 guide region query size = 0.
[INFO DRT-0036] met5 guide region query size = 7.
[INFO DRT-0179] Init gr pin query.
set drv_count [detailed_route_num_drvs]
utl::metric "DRT::drv" $drv_count
set routed_def [make_result_file ${design}_${platform}_route.def]
write_def $routed_def
################################################################
# Extraction
if { $rcx_rules_file != "" } {
  define_process_corner -ext_model_index 0 X
  extract_parasitics -ext_model_file $rcx_rules_file
  set spef_file [make_result_file ${design}_${platform}.spef]
  write_spef $spef_file
  read_spef $spef_file
} else {
  # Use global routing based parasitics inlieu of rc extraction
  estimate_parasitics -global_routing
}
[INFO RCX-0431] Defined process_corner X with ext_model_index 0
[INFO RCX-0029] Defined extraction corner X
[INFO RCX-0008] extracting parasitics of jpeg_encoder ...
Notice 0: Split top of 9540 T shapes.
[INFO RCX-0435] Reading extraction model file sky130hd/sky130hd.rcx_rules ...
[INFO RCX-0436] RC segment generation jpeg_encoder (max_merge_res 50.0) ...
[INFO RCX-0040] Final 160941 rc segments
[INFO RCX-0439] Coupling Cap extraction jpeg_encoder ...
[INFO RCX-0440] Coupling threshhold is 0.1000 fF, coupling capacitance less than 0.1000 fF will be grounded.
[INFO RCX-0043] 515607 wires to be extracted
[INFO RCX-0442] 7% completion -- 36635 wires have been extracted
[INFO RCX-0442] 16% completion -- 87225 wires have been extracted
[INFO RCX-0442] 31% completion -- 162542 wires have been extracted
[INFO RCX-0442] 49% completion -- 255337 wires have been extracted
[INFO RCX-0442] 63% completion -- 327206 wires have been extracted
[INFO RCX-0442] 74% completion -- 383144 wires have been extracted
[INFO RCX-0442] 84% completion -- 436018 wires have been extracted
[INFO RCX-0442] 92% completion -- 476767 wires have been extracted
[INFO RCX-0442] 99% completion -- 512898 wires have been extracted
[INFO RCX-0045] Extract 57674 nets, 218432 rsegs, 218432 caps, 278904 ccs
[INFO RCX-0015] Finished extracting jpeg_encoder.
[INFO RCX-0016] Writing SPEF ...
[INFO RCX-0443] 57674 nets finished
[INFO RCX-0017] Finished writing SPEF ...
################################################################
# Final Report
report_checks -path_delay min_max -format full_clock_expanded \
  -fields {input_pin slew capacitance} -digits 3
Startpoint: rst (input port clocked by clk)
Endpoint: _99170_ (removal check against rising-edge clock clk)
Path Group: **async_default**
Path Type: min

     Cap     Slew    Delay     Time   Description
---------------------------------------------------------------------------
                     0.000    0.000   clock clk (rise edge)
                     0.000    0.000   clock network delay (propagated)
                     1.600    1.600 ^ input external delay
   0.004    0.000    0.000    1.600 ^ rst (in)
            0.000    0.000    1.600 ^ hold429/A (sky130_fd_sc_hd__dlygate4sd3_1)
   0.003    0.054    0.521    2.121 ^ hold429/X (sky130_fd_sc_hd__dlygate4sd3_1)
            0.054    0.000    2.121 ^ hold425/A (sky130_fd_sc_hd__dlygate4sd3_1)
   0.002    0.051    0.535    2.655 ^ hold425/X (sky130_fd_sc_hd__dlygate4sd3_1)
            0.051    0.000    2.655 ^ hold430/A (sky130_fd_sc_hd__dlygate4sd3_1)
   0.015    0.163    0.627    3.283 ^ hold430/X (sky130_fd_sc_hd__dlygate4sd3_1)
            0.163    0.001    3.283 ^ repeater245/A (sky130_fd_sc_hd__buf_16)
   0.025    0.047    0.135    3.418 ^ repeater245/X (sky130_fd_sc_hd__buf_16)
            0.047    0.003    3.421 ^ hold431/A (sky130_fd_sc_hd__dlygate4sd3_1)
   0.029    0.289    0.716    4.136 ^ hold431/X (sky130_fd_sc_hd__dlygate4sd3_1)
            0.289    0.004    4.141 ^ hold426/A (sky130_fd_sc_hd__buf_16)
   0.367    0.352    0.275    4.416 ^ hold426/X (sky130_fd_sc_hd__buf_16)
            0.416    0.107    4.523 ^ _99170_/RESET_B (sky130_fd_sc_hd__dfrtp_4)
                              4.523   data arrival time

                     0.000    0.000   clock clk (rise edge)
                     0.000    0.000   clock source latency
   0.271    0.000    0.000    0.000 ^ clk (in)
            0.074    0.037    0.037 ^ clkbuf_0_clk/A (sky130_fd_sc_hd__clkbuf_4)
   0.020    0.073    0.166    0.203 ^ clkbuf_0_clk/X (sky130_fd_sc_hd__clkbuf_4)
            0.073    0.001    0.204 ^ clkbuf_1_0_0_clk/A (sky130_fd_sc_hd__clkbuf_4)
   0.010    0.048    0.144    0.347 ^ clkbuf_1_0_0_clk/X (sky130_fd_sc_hd__clkbuf_4)
            0.048    0.000    0.348 ^ clkbuf_1_0_1_clk/A (sky130_fd_sc_hd__clkbuf_4)
   0.010    0.046    0.133    0.480 ^ clkbuf_1_0_1_clk/X (sky130_fd_sc_hd__clkbuf_4)
            0.046    0.000    0.480 ^ clkbuf_1_0_2_clk/A (sky130_fd_sc_hd__clkbuf_4)
   0.010    0.046    0.132    0.613 ^ clkbuf_1_0_2_clk/X (sky130_fd_sc_hd__clkbuf_4)
            0.046    0.000    0.613 ^ clkbuf_1_0_3_clk/A (sky130_fd_sc_hd__clkbuf_4)
   0.011    0.050    0.135    0.748 ^ clkbuf_1_0_3_clk/X (sky130_fd_sc_hd__clkbuf_4)
            0.050    0.000    0.748 ^ clkbuf_1_0_4_clk/A (sky130_fd_sc_hd__clkbuf_4)
   0.058    0.177    0.233    0.982 ^ clkbuf_1_0_4_clk/X (sky130_fd_sc_hd__clkbuf_4)
            0.177    0.003    0.984 ^ clkbuf_2_1_0_clk/A (sky130_fd_sc_hd__clkbuf_4)
   0.015    0.061    0.191    1.176 ^ clkbuf_2_1_0_clk/X (sky130_fd_sc_hd__clkbuf_4)
            0.061    0.001    1.176 ^ clkbuf_2_1_1_clk/A (sky130_fd_sc_hd__clkbuf_4)
   0.011    0.050    0.141    1.317 ^ clkbuf_2_1_1_clk/X (sky130_fd_sc_hd__clkbuf_4)
            0.050    0.000    1.318 ^ clkbuf_2_1_2_clk/A (sky130_fd_sc_hd__clkbuf_4)
   0.010    0.046    0.133    1.451 ^ clkbuf_2_1_2_clk/X (sky130_fd_sc_hd__clkbuf_4)
            0.046    0.000    1.451 ^ clkbuf_2_1_3_clk/A (sky130_fd_sc_hd__clkbuf_4)
   0.006    0.036    0.122    1.573 ^ clkbuf_2_1_3_clk/X (sky130_fd_sc_hd__clkbuf_4)
            0.036    0.000    1.573 ^ clkbuf_2_1_4_clk/A (sky130_fd_sc_hd__clkbuf_4)
   0.057    0.176    0.228    1.801 ^ clkbuf_2_1_4_clk/X (sky130_fd_sc_hd__clkbuf_4)
            0.176    0.003    1.804 ^ clkbuf_3_2_0_clk/A (sky130_fd_sc_hd__clkbuf_4)
   0.010    0.047    0.178    1.982 ^ clkbuf_3_2_0_clk/X (sky130_fd_sc_hd__clkbuf_4)
            0.047    0.000    1.982 ^ clkbuf_3_2_1_clk/A (sky130_fd_sc_hd__clkbuf_4)
   0.011    0.050    0.136    2.118 ^ clkbuf_3_2_1_clk/X (sky130_fd_sc_hd__clkbuf_4)
            0.050    0.000    2.119 ^ clkbuf_3_2_2_clk/A (sky130_fd_sc_hd__clkbuf_4)
   0.032    0.105    0.181    2.299 ^ clkbuf_3_2_2_clk/X (sky130_fd_sc_hd__clkbuf_4)
            0.105    0.001    2.301 ^ clkbuf_4_5_0_clk/A (sky130_fd_sc_hd__clkbuf_4)
   0.010    0.047    0.154    2.455 ^ clkbuf_4_5_0_clk/X (sky130_fd_sc_hd__clkbuf_4)
            0.047    0.000    2.455 ^ clkbuf_4_5_1_clk/A (sky130_fd_sc_hd__clkbuf_4)
   0.047    0.148    0.211    2.666 ^ clkbuf_4_5_1_clk/X (sky130_fd_sc_hd__clkbuf_4)
            0.148    0.002    2.669 ^ clkbuf_5_10_0_clk/A (sky130_fd_sc_hd__clkbuf_4)
   0.008    0.043    0.165    2.834 ^ clkbuf_5_10_0_clk/X (sky130_fd_sc_hd__clkbuf_4)
            0.043    0.000    2.834 ^ clkbuf_5_10_1_clk/A (sky130_fd_sc_hd__clkbuf_4)
   0.060    0.185    0.236    3.070 ^ clkbuf_5_10_1_clk/X (sky130_fd_sc_hd__clkbuf_4)
            0.185    0.004    3.074 ^ clkbuf_opt_19_0_clk/A (sky130_fd_sc_hd__clkbuf_4)
   0.013    0.056    0.189    3.263 ^ clkbuf_opt_19_0_clk/X (sky130_fd_sc_hd__clkbuf_4)
            0.056    0.001    3.264 ^ clkbuf_opt_19_1_clk/A (sky130_fd_sc_hd__clkbuf_4)
   0.014    0.057    0.145    3.409 ^ clkbuf_opt_19_1_clk/X (sky130_fd_sc_hd__clkbuf_4)
            0.057    0.001    3.409 ^ clkbuf_opt_19_2_clk/A (sky130_fd_sc_hd__clkbuf_4)
   0.012    0.052    0.141    3.550 ^ clkbuf_opt_19_2_clk/X (sky130_fd_sc_hd__clkbuf_4)
            0.052    0.000    3.550 ^ clkbuf_opt_19_3_clk/A (sky130_fd_sc_hd__clkbuf_4)
   0.024    0.083    0.165    3.716 ^ clkbuf_opt_19_3_clk/X (sky130_fd_sc_hd__clkbuf_4)
            0.083    0.001    3.717 ^ clkbuf_leaf_73_clk/A (sky130_fd_sc_hd__clkbuf_4)
   0.006    0.036    0.136    3.852 ^ clkbuf_leaf_73_clk/X (sky130_fd_sc_hd__clkbuf_4)
            0.036    0.000    3.852 ^ _99170_/CLK (sky130_fd_sc_hd__dfrtp_4)
                     0.000    3.852   clock reconvergence pessimism
                     0.420    4.272   library removal time
                              4.272   data required time
---------------------------------------------------------------------------
                              4.272   data required time
                             -4.523   data arrival time
---------------------------------------------------------------------------
                              0.251   slack (MET)


Startpoint: _95003_ (rising edge-triggered flip-flop clocked by clk)
Endpoint: _95015_ (rising edge-triggered flip-flop clocked by clk)
Path Group: clk
Path Type: min

     Cap     Slew    Delay     Time   Description
---------------------------------------------------------------------------
                     0.000    0.000   clock clk (rise edge)
                     0.000    0.000   clock source latency
   0.271    0.000    0.000    0.000 ^ clk (in)
            0.074    0.037    0.037 ^ clkbuf_0_clk/A (sky130_fd_sc_hd__clkbuf_4)
   0.020    0.073    0.166    0.203 ^ clkbuf_0_clk/X (sky130_fd_sc_hd__clkbuf_4)
            0.073    0.001    0.204 ^ clkbuf_1_0_0_clk/A (sky130_fd_sc_hd__clkbuf_4)
   0.010    0.048    0.144    0.347 ^ clkbuf_1_0_0_clk/X (sky130_fd_sc_hd__clkbuf_4)
            0.048    0.000    0.348 ^ clkbuf_1_0_1_clk/A (sky130_fd_sc_hd__clkbuf_4)
   0.010    0.046    0.133    0.480 ^ clkbuf_1_0_1_clk/X (sky130_fd_sc_hd__clkbuf_4)
            0.046    0.000    0.480 ^ clkbuf_1_0_2_clk/A (sky130_fd_sc_hd__clkbuf_4)
   0.010    0.046    0.132    0.613 ^ clkbuf_1_0_2_clk/X (sky130_fd_sc_hd__clkbuf_4)
            0.046    0.000    0.613 ^ clkbuf_1_0_3_clk/A (sky130_fd_sc_hd__clkbuf_4)
   0.011    0.050    0.135    0.748 ^ clkbuf_1_0_3_clk/X (sky130_fd_sc_hd__clkbuf_4)
            0.050    0.000    0.748 ^ clkbuf_1_0_4_clk/A (sky130_fd_sc_hd__clkbuf_4)
   0.058    0.177    0.233    0.982 ^ clkbuf_1_0_4_clk/X (sky130_fd_sc_hd__clkbuf_4)
            0.177    0.003    0.985 ^ clkbuf_2_0_0_clk/A (sky130_fd_sc_hd__clkbuf_4)
   0.011    0.049    0.180    1.165 ^ clkbuf_2_0_0_clk/X (sky130_fd_sc_hd__clkbuf_4)
            0.049    0.000    1.166 ^ clkbuf_2_0_1_clk/A (sky130_fd_sc_hd__clkbuf_4)
   0.010    0.047    0.134    1.299 ^ clkbuf_2_0_1_clk/X (sky130_fd_sc_hd__clkbuf_4)
            0.047    0.000    1.300 ^ clkbuf_2_0_2_clk/A (sky130_fd_sc_hd__clkbuf_4)
   0.008    0.042    0.128    1.428 ^ clkbuf_2_0_2_clk/X (sky130_fd_sc_hd__clkbuf_4)
            0.042    0.000    1.428 ^ clkbuf_2_0_3_clk/A (sky130_fd_sc_hd__clkbuf_4)
   0.006    0.036    0.120    1.548 ^ clkbuf_2_0_3_clk/X (sky130_fd_sc_hd__clkbuf_4)
            0.036    0.000    1.548 ^ clkbuf_2_0_4_clk/A (sky130_fd_sc_hd__clkbuf_4)
   0.057    0.174    0.226    1.775 ^ clkbuf_2_0_4_clk/X (sky130_fd_sc_hd__clkbuf_4)
            0.174    0.004    1.778 ^ clkbuf_3_1_0_clk/A (sky130_fd_sc_hd__clkbuf_4)
   0.010    0.047    0.177    1.955 ^ clkbuf_3_1_0_clk/X (sky130_fd_sc_hd__clkbuf_4)
            0.047    0.000    1.956 ^ clkbuf_3_1_1_clk/A (sky130_fd_sc_hd__clkbuf_4)
   0.010    0.046    0.132    2.088 ^ clkbuf_3_1_1_clk/X (sky130_fd_sc_hd__clkbuf_4)
            0.046    0.000    2.088 ^ clkbuf_3_1_2_clk/A (sky130_fd_sc_hd__clkbuf_4)
   0.032    0.107    0.180    2.269 ^ clkbuf_3_1_2_clk/X (sky130_fd_sc_hd__clkbuf_4)
            0.107    0.001    2.270 ^ clkbuf_4_3_0_clk/A (sky130_fd_sc_hd__clkbuf_4)
   0.009    0.044    0.153    2.422 ^ clkbuf_4_3_0_clk/X (sky130_fd_sc_hd__clkbuf_4)
            0.044    0.000    2.423 ^ clkbuf_4_3_1_clk/A (sky130_fd_sc_hd__clkbuf_4)
   0.034    0.111    0.183    2.606 ^ clkbuf_4_3_1_clk/X (sky130_fd_sc_hd__clkbuf_4)
            0.111    0.001    2.607 ^ clkbuf_5_7_0_clk/A (sky130_fd_sc_hd__clkbuf_4)
   0.005    0.035    0.145    2.752 ^ clkbuf_5_7_0_clk/X (sky130_fd_sc_hd__clkbuf_4)
            0.035    0.000    2.752 ^ clkbuf_5_7_1_clk/A (sky130_fd_sc_hd__clkbuf_4)
   0.127    0.376    0.366    3.118 ^ clkbuf_5_7_1_clk/X (sky130_fd_sc_hd__clkbuf_4)
            0.376    0.005    3.123 ^ clkbuf_leaf_128_clk/A (sky130_fd_sc_hd__clkbuf_4)
   0.066    0.202    0.352    3.474 ^ clkbuf_leaf_128_clk/X (sky130_fd_sc_hd__clkbuf_4)
            0.202    0.002    3.477 ^ _95003_/CLK (sky130_fd_sc_hd__dfxtp_1)
   0.006    0.071    0.376    3.853 ^ _95003_/Q (sky130_fd_sc_hd__dfxtp_1)
            0.071    0.000    3.853 ^ _58451_/A (sky130_fd_sc_hd__nor2_1)
   0.011    0.060    0.078    3.931 v _58451_/Y (sky130_fd_sc_hd__nor2_1)
            0.060    0.001    3.931 v _58453_/A (sky130_fd_sc_hd__nor2_1)
   0.003    0.075    0.102    4.033 ^ _58453_/Y (sky130_fd_sc_hd__nor2_1)
            0.075    0.000    4.034 ^ _95015_/D (sky130_fd_sc_hd__dfxtp_1)
                              4.034   data arrival time

                     0.000    0.000   clock clk (rise edge)
                     0.000    0.000   clock source latency
   0.271    0.000    0.000    0.000 ^ clk (in)
            0.074    0.037    0.037 ^ clkbuf_0_clk/A (sky130_fd_sc_hd__clkbuf_4)
   0.020    0.073    0.166    0.203 ^ clkbuf_0_clk/X (sky130_fd_sc_hd__clkbuf_4)
            0.073    0.001    0.204 ^ clkbuf_1_1_0_clk/A (sky130_fd_sc_hd__clkbuf_4)
   0.010    0.046    0.142    0.346 ^ clkbuf_1_1_0_clk/X (sky130_fd_sc_hd__clkbuf_4)
            0.046    0.000    0.346 ^ clkbuf_1_1_1_clk/A (sky130_fd_sc_hd__clkbuf_4)
   0.010    0.048    0.133    0.479 ^ clkbuf_1_1_1_clk/X (sky130_fd_sc_hd__clkbuf_4)
            0.048    0.000    0.480 ^ clkbuf_1_1_2_clk/A (sky130_fd_sc_hd__clkbuf_4)
   0.009    0.045    0.131    0.611 ^ clkbuf_1_1_2_clk/X (sky130_fd_sc_hd__clkbuf_4)
            0.045    0.000    0.611 ^ clkbuf_1_1_3_clk/A (sky130_fd_sc_hd__clkbuf_4)
   0.012    0.052    0.137    0.748 ^ clkbuf_1_1_3_clk/X (sky130_fd_sc_hd__clkbuf_4)
            0.052    0.000    0.748 ^ clkbuf_1_1_4_clk/A (sky130_fd_sc_hd__clkbuf_4)
   0.053    0.162    0.224    0.973 ^ clkbuf_1_1_4_clk/X (sky130_fd_sc_hd__clkbuf_4)
            0.162    0.003    0.976 ^ clkbuf_2_3_0_clk/A (sky130_fd_sc_hd__clkbuf_4)
   0.009    0.044    0.171    1.146 ^ clkbuf_2_3_0_clk/X (sky130_fd_sc_hd__clkbuf_4)
            0.044    0.000    1.147 ^ clkbuf_2_3_1_clk/A (sky130_fd_sc_hd__clkbuf_4)
   0.010    0.045    0.130    1.277 ^ clkbuf_2_3_1_clk/X (sky130_fd_sc_hd__clkbuf_4)
            0.045    0.000    1.277 ^ clkbuf_2_3_2_clk/A (sky130_fd_sc_hd__clkbuf_4)
   0.010    0.046    0.131    1.409 ^ clkbuf_2_3_2_clk/X (sky130_fd_sc_hd__clkbuf_4)
            0.046    0.000    1.409 ^ clkbuf_2_3_3_clk/A (sky130_fd_sc_hd__clkbuf_4)
   0.007    0.039    0.124    1.533 ^ clkbuf_2_3_3_clk/X (sky130_fd_sc_hd__clkbuf_4)
            0.039    0.000    1.533 ^ clkbuf_2_3_4_clk/A (sky130_fd_sc_hd__clkbuf_4)
   0.062    0.188    0.237    1.770 ^ clkbuf_2_3_4_clk/X (sky130_fd_sc_hd__clkbuf_4)
            0.188    0.004    1.774 ^ clkbuf_3_6_0_clk/A (sky130_fd_sc_hd__clkbuf_4)
   0.015    0.062    0.196    1.970 ^ clkbuf_3_6_0_clk/X (sky130_fd_sc_hd__clkbuf_4)
            0.062    0.001    1.970 ^ clkbuf_3_6_1_clk/A (sky130_fd_sc_hd__clkbuf_4)
   0.013    0.056    0.147    2.117 ^ clkbuf_3_6_1_clk/X (sky130_fd_sc_hd__clkbuf_4)
            0.056    0.001    2.117 ^ clkbuf_3_6_2_clk/A (sky130_fd_sc_hd__clkbuf_4)
   0.040    0.129    0.200    2.317 ^ clkbuf_3_6_2_clk/X (sky130_fd_sc_hd__clkbuf_4)
            0.129    0.002    2.319 ^ clkbuf_4_12_0_clk/A (sky130_fd_sc_hd__clkbuf_4)
   0.012    0.052    0.167    2.487 ^ clkbuf_4_12_0_clk/X (sky130_fd_sc_hd__clkbuf_4)
            0.052    0.000    2.487 ^ clkbuf_4_12_1_clk/A (sky130_fd_sc_hd__clkbuf_4)
   0.056    0.172    0.230    2.717 ^ clkbuf_4_12_1_clk/X (sky130_fd_sc_hd__clkbuf_4)
            0.172    0.003    2.720 ^ clkbuf_5_24_0_clk/A (sky130_fd_sc_hd__clkbuf_4)
   0.006    0.039    0.168    2.888 ^ clkbuf_5_24_0_clk/X (sky130_fd_sc_hd__clkbuf_4)
            0.039    0.000    2.888 ^ clkbuf_5_24_1_clk/A (sky130_fd_sc_hd__clkbuf_4)
   0.141    0.416    0.394    3.282 ^ clkbuf_5_24_1_clk/X (sky130_fd_sc_hd__clkbuf_4)
            0.416    0.005    3.288 ^ clkbuf_opt_65_0_clk/A (sky130_fd_sc_hd__clkbuf_4)
   0.012    0.058    0.245    3.532 ^ clkbuf_opt_65_0_clk/X (sky130_fd_sc_hd__clkbuf_4)
            0.058    0.000    3.533 ^ clkbuf_opt_65_1_clk/A (sky130_fd_sc_hd__clkbuf_4)
   0.013    0.054    0.143    3.676 ^ clkbuf_opt_65_1_clk/X (sky130_fd_sc_hd__clkbuf_4)
            0.054    0.000    3.676 ^ clkbuf_opt_65_2_clk/A (sky130_fd_sc_hd__clkbuf_4)
   0.010    0.047    0.135    3.812 ^ clkbuf_opt_65_2_clk/X (sky130_fd_sc_hd__clkbuf_4)
            0.047    0.000    3.812 ^ clkbuf_opt_65_3_clk/A (sky130_fd_sc_hd__clkbuf_4)
   0.040    0.130    0.197    4.009 ^ clkbuf_opt_65_3_clk/X (sky130_fd_sc_hd__clkbuf_4)
            0.130    0.002    4.011 ^ clkbuf_leaf_382_clk/A (sky130_fd_sc_hd__clkbuf_4)
   0.039    0.126    0.226    4.237 ^ clkbuf_leaf_382_clk/X (sky130_fd_sc_hd__clkbuf_4)
            0.126    0.002    4.239 ^ _95015_/CLK (sky130_fd_sc_hd__dfxtp_1)
                     0.000    4.239   clock reconvergence pessimism
                    -0.027    4.212   library hold time
                              4.212   data required time
---------------------------------------------------------------------------
                              4.212   data required time
                             -4.034   data arrival time
---------------------------------------------------------------------------
                             -0.178   slack (VIOLATED)


Startpoint: rst (input port clocked by clk)
Endpoint: _99214_ (recovery check against rising-edge clock clk)
Path Group: **async_default**
Path Type: max

     Cap     Slew    Delay     Time   Description
---------------------------------------------------------------------------
                     0.000    0.000   clock clk (rise edge)
                     0.000    0.000   clock network delay (propagated)
                     1.600    1.600 ^ input external delay
   0.004    0.000    0.000    1.600 ^ rst (in)
            0.000    0.000    1.600 ^ hold429/A (sky130_fd_sc_hd__dlygate4sd3_1)
   0.003    0.054    0.521    2.121 ^ hold429/X (sky130_fd_sc_hd__dlygate4sd3_1)
            0.054    0.000    2.121 ^ hold425/A (sky130_fd_sc_hd__dlygate4sd3_1)
   0.002    0.051    0.535    2.655 ^ hold425/X (sky130_fd_sc_hd__dlygate4sd3_1)
            0.051    0.000    2.655 ^ hold430/A (sky130_fd_sc_hd__dlygate4sd3_1)
   0.015    0.163    0.627    3.283 ^ hold430/X (sky130_fd_sc_hd__dlygate4sd3_1)
            0.163    0.001    3.283 ^ repeater245/A (sky130_fd_sc_hd__buf_16)
   0.025    0.047    0.135    3.418 ^ repeater245/X (sky130_fd_sc_hd__buf_16)
            0.047    0.003    3.421 ^ hold431/A (sky130_fd_sc_hd__dlygate4sd3_1)
   0.029    0.289    0.716    4.136 ^ hold431/X (sky130_fd_sc_hd__dlygate4sd3_1)
            0.289    0.004    4.141 ^ hold426/A (sky130_fd_sc_hd__buf_16)
   0.367    0.352    0.275    4.416 ^ hold426/X (sky130_fd_sc_hd__buf_16)
            0.418    0.109    4.525 ^ repeater244/A (sky130_fd_sc_hd__buf_16)
   0.423    0.156    0.217    4.742 ^ repeater244/X (sky130_fd_sc_hd__buf_16)
            1.203    0.588    5.331 ^ repeater243/A (sky130_fd_sc_hd__buf_16)
   0.458    0.291    0.293    5.624 ^ repeater243/X (sky130_fd_sc_hd__buf_16)
            1.072    0.513    6.137 ^ _99214_/RESET_B (sky130_fd_sc_hd__dfrtp_2)
                              6.137   data arrival time

                     8.000    8.000   clock clk (rise edge)
                     0.000    8.000   clock source latency
   0.271    0.000    0.000    8.000 ^ clk (in)
            0.074    0.037    8.037 ^ clkbuf_0_clk/A (sky130_fd_sc_hd__clkbuf_4)
   0.020    0.073    0.166    8.203 ^ clkbuf_0_clk/X (sky130_fd_sc_hd__clkbuf_4)
            0.073    0.001    8.204 ^ clkbuf_1_1_0_clk/A (sky130_fd_sc_hd__clkbuf_4)
   0.010    0.046    0.142    8.346 ^ clkbuf_1_1_0_clk/X (sky130_fd_sc_hd__clkbuf_4)
            0.046    0.000    8.346 ^ clkbuf_1_1_1_clk/A (sky130_fd_sc_hd__clkbuf_4)
   0.010    0.048    0.133    8.479 ^ clkbuf_1_1_1_clk/X (sky130_fd_sc_hd__clkbuf_4)
            0.048    0.000    8.480 ^ clkbuf_1_1_2_clk/A (sky130_fd_sc_hd__clkbuf_4)
   0.009    0.045    0.131    8.611 ^ clkbuf_1_1_2_clk/X (sky130_fd_sc_hd__clkbuf_4)
            0.045    0.000    8.611 ^ clkbuf_1_1_3_clk/A (sky130_fd_sc_hd__clkbuf_4)
   0.012    0.052    0.137    8.748 ^ clkbuf_1_1_3_clk/X (sky130_fd_sc_hd__clkbuf_4)
            0.052    0.000    8.748 ^ clkbuf_1_1_4_clk/A (sky130_fd_sc_hd__clkbuf_4)
   0.053    0.162    0.224    8.973 ^ clkbuf_1_1_4_clk/X (sky130_fd_sc_hd__clkbuf_4)
            0.162    0.003    8.976 ^ clkbuf_2_2_0_clk/A (sky130_fd_sc_hd__clkbuf_4)
   0.009    0.045    0.172    9.147 ^ clkbuf_2_2_0_clk/X (sky130_fd_sc_hd__clkbuf_4)
            0.045    0.000    9.147 ^ clkbuf_2_2_1_clk/A (sky130_fd_sc_hd__clkbuf_4)
   0.010    0.046    0.131    9.279 ^ clkbuf_2_2_1_clk/X (sky130_fd_sc_hd__clkbuf_4)
            0.046    0.000    9.279 ^ clkbuf_2_2_2_clk/A (sky130_fd_sc_hd__clkbuf_4)
   0.011    0.050    0.136    9.415 ^ clkbuf_2_2_2_clk/X (sky130_fd_sc_hd__clkbuf_4)
            0.050    0.000    9.415 ^ clkbuf_2_2_3_clk/A (sky130_fd_sc_hd__clkbuf_4)
   0.006    0.037    0.124    9.539 ^ clkbuf_2_2_3_clk/X (sky130_fd_sc_hd__clkbuf_4)
            0.037    0.000    9.539 ^ clkbuf_2_2_4_clk/A (sky130_fd_sc_hd__clkbuf_4)
   0.055    0.170    0.224    9.763 ^ clkbuf_2_2_4_clk/X (sky130_fd_sc_hd__clkbuf_4)
            0.170    0.003    9.766 ^ clkbuf_3_5_0_clk/A (sky130_fd_sc_hd__clkbuf_4)
   0.008    0.044    0.172    9.938 ^ clkbuf_3_5_0_clk/X (sky130_fd_sc_hd__clkbuf_4)
            0.044    0.000    9.938 ^ clkbuf_3_5_1_clk/A (sky130_fd_sc_hd__clkbuf_4)
   0.008    0.042    0.127   10.065 ^ clkbuf_3_5_1_clk/X (sky130_fd_sc_hd__clkbuf_4)
            0.042    0.000   10.065 ^ clkbuf_3_5_2_clk/A (sky130_fd_sc_hd__clkbuf_4)
   0.025    0.087    0.165   10.230 ^ clkbuf_3_5_2_clk/X (sky130_fd_sc_hd__clkbuf_4)
            0.088    0.001   10.231 ^ clkbuf_4_11_0_clk/A (sky130_fd_sc_hd__clkbuf_4)
   0.008    0.041    0.142   10.373 ^ clkbuf_4_11_0_clk/X (sky130_fd_sc_hd__clkbuf_4)
            0.041    0.000   10.374 ^ clkbuf_4_11_1_clk/A (sky130_fd_sc_hd__clkbuf_4)
   0.032    0.106    0.178   10.552 ^ clkbuf_4_11_1_clk/X (sky130_fd_sc_hd__clkbuf_4)
            0.106    0.001   10.553 ^ clkbuf_5_23_0_clk/A (sky130_fd_sc_hd__clkbuf_4)
   0.006    0.037    0.145   10.697 ^ clkbuf_5_23_0_clk/X (sky130_fd_sc_hd__clkbuf_4)
            0.037    0.000   10.698 ^ clkbuf_5_23_1_clk/A (sky130_fd_sc_hd__clkbuf_4)
   0.147    0.436    0.407   11.105 ^ clkbuf_5_23_1_clk/X (sky130_fd_sc_hd__clkbuf_4)
            0.436    0.006   11.111 ^ clkbuf_leaf_314_clk/A (sky130_fd_sc_hd__clkbuf_4)
   0.037    0.124    0.305   11.416 ^ clkbuf_leaf_314_clk/X (sky130_fd_sc_hd__clkbuf_4)
            0.124    0.001   11.416 ^ _99214_/CLK (sky130_fd_sc_hd__dfrtp_2)
                     0.000   11.416   clock reconvergence pessimism
                    -0.087   11.330   library recovery time
                             11.330   data required time
---------------------------------------------------------------------------
                             11.330   data required time
                             -6.137   data arrival time
---------------------------------------------------------------------------
                              5.193   slack (MET)


Startpoint: _99170_ (rising edge-triggered flip-flop clocked by clk)
Endpoint: _97685_ (rising edge-triggered flip-flop clocked by clk)
Path Group: clk
Path Type: max

     Cap     Slew    Delay     Time   Description
---------------------------------------------------------------------------
                     0.000    0.000   clock clk (rise edge)
                     0.000    0.000   clock source latency
   0.271    0.000    0.000    0.000 ^ clk (in)
            0.074    0.037    0.037 ^ clkbuf_0_clk/A (sky130_fd_sc_hd__clkbuf_4)
   0.020    0.073    0.166    0.203 ^ clkbuf_0_clk/X (sky130_fd_sc_hd__clkbuf_4)
            0.073    0.001    0.204 ^ clkbuf_1_0_0_clk/A (sky130_fd_sc_hd__clkbuf_4)
   0.010    0.048    0.144    0.347 ^ clkbuf_1_0_0_clk/X (sky130_fd_sc_hd__clkbuf_4)
            0.048    0.000    0.348 ^ clkbuf_1_0_1_clk/A (sky130_fd_sc_hd__clkbuf_4)
   0.010    0.046    0.133    0.480 ^ clkbuf_1_0_1_clk/X (sky130_fd_sc_hd__clkbuf_4)
            0.046    0.000    0.480 ^ clkbuf_1_0_2_clk/A (sky130_fd_sc_hd__clkbuf_4)
   0.010    0.046    0.132    0.613 ^ clkbuf_1_0_2_clk/X (sky130_fd_sc_hd__clkbuf_4)
            0.046    0.000    0.613 ^ clkbuf_1_0_3_clk/A (sky130_fd_sc_hd__clkbuf_4)
   0.011    0.050    0.135    0.748 ^ clkbuf_1_0_3_clk/X (sky130_fd_sc_hd__clkbuf_4)
            0.050    0.000    0.748 ^ clkbuf_1_0_4_clk/A (sky130_fd_sc_hd__clkbuf_4)
   0.058    0.177    0.233    0.982 ^ clkbuf_1_0_4_clk/X (sky130_fd_sc_hd__clkbuf_4)
            0.177    0.003    0.984 ^ clkbuf_2_1_0_clk/A (sky130_fd_sc_hd__clkbuf_4)
   0.015    0.061    0.191    1.176 ^ clkbuf_2_1_0_clk/X (sky130_fd_sc_hd__clkbuf_4)
            0.061    0.001    1.176 ^ clkbuf_2_1_1_clk/A (sky130_fd_sc_hd__clkbuf_4)
   0.011    0.050    0.141    1.317 ^ clkbuf_2_1_1_clk/X (sky130_fd_sc_hd__clkbuf_4)
            0.050    0.000    1.318 ^ clkbuf_2_1_2_clk/A (sky130_fd_sc_hd__clkbuf_4)
   0.010    0.046    0.133    1.451 ^ clkbuf_2_1_2_clk/X (sky130_fd_sc_hd__clkbuf_4)
            0.046    0.000    1.451 ^ clkbuf_2_1_3_clk/A (sky130_fd_sc_hd__clkbuf_4)
   0.006    0.036    0.122    1.573 ^ clkbuf_2_1_3_clk/X (sky130_fd_sc_hd__clkbuf_4)
            0.036    0.000    1.573 ^ clkbuf_2_1_4_clk/A (sky130_fd_sc_hd__clkbuf_4)
   0.057    0.176    0.228    1.801 ^ clkbuf_2_1_4_clk/X (sky130_fd_sc_hd__clkbuf_4)
            0.176    0.003    1.804 ^ clkbuf_3_2_0_clk/A (sky130_fd_sc_hd__clkbuf_4)
   0.010    0.047    0.178    1.982 ^ clkbuf_3_2_0_clk/X (sky130_fd_sc_hd__clkbuf_4)
            0.047    0.000    1.982 ^ clkbuf_3_2_1_clk/A (sky130_fd_sc_hd__clkbuf_4)
   0.011    0.050    0.136    2.118 ^ clkbuf_3_2_1_clk/X (sky130_fd_sc_hd__clkbuf_4)
            0.050    0.000    2.119 ^ clkbuf_3_2_2_clk/A (sky130_fd_sc_hd__clkbuf_4)
   0.032    0.105    0.181    2.299 ^ clkbuf_3_2_2_clk/X (sky130_fd_sc_hd__clkbuf_4)
            0.105    0.001    2.301 ^ clkbuf_4_5_0_clk/A (sky130_fd_sc_hd__clkbuf_4)
   0.010    0.047    0.154    2.455 ^ clkbuf_4_5_0_clk/X (sky130_fd_sc_hd__clkbuf_4)
            0.047    0.000    2.455 ^ clkbuf_4_5_1_clk/A (sky130_fd_sc_hd__clkbuf_4)
   0.047    0.148    0.211    2.666 ^ clkbuf_4_5_1_clk/X (sky130_fd_sc_hd__clkbuf_4)
            0.148    0.002    2.669 ^ clkbuf_5_10_0_clk/A (sky130_fd_sc_hd__clkbuf_4)
   0.008    0.043    0.165    2.834 ^ clkbuf_5_10_0_clk/X (sky130_fd_sc_hd__clkbuf_4)
            0.043    0.000    2.834 ^ clkbuf_5_10_1_clk/A (sky130_fd_sc_hd__clkbuf_4)
   0.060    0.185    0.236    3.070 ^ clkbuf_5_10_1_clk/X (sky130_fd_sc_hd__clkbuf_4)
            0.185    0.004    3.074 ^ clkbuf_opt_19_0_clk/A (sky130_fd_sc_hd__clkbuf_4)
   0.013    0.056    0.189    3.263 ^ clkbuf_opt_19_0_clk/X (sky130_fd_sc_hd__clkbuf_4)
            0.056    0.001    3.264 ^ clkbuf_opt_19_1_clk/A (sky130_fd_sc_hd__clkbuf_4)
   0.014    0.057    0.145    3.409 ^ clkbuf_opt_19_1_clk/X (sky130_fd_sc_hd__clkbuf_4)
            0.057    0.001    3.409 ^ clkbuf_opt_19_2_clk/A (sky130_fd_sc_hd__clkbuf_4)
   0.012    0.052    0.141    3.550 ^ clkbuf_opt_19_2_clk/X (sky130_fd_sc_hd__clkbuf_4)
            0.052    0.000    3.550 ^ clkbuf_opt_19_3_clk/A (sky130_fd_sc_hd__clkbuf_4)
   0.024    0.083    0.165    3.716 ^ clkbuf_opt_19_3_clk/X (sky130_fd_sc_hd__clkbuf_4)
            0.083    0.001    3.717 ^ clkbuf_leaf_73_clk/A (sky130_fd_sc_hd__clkbuf_4)
   0.006    0.036    0.136    3.852 ^ clkbuf_leaf_73_clk/X (sky130_fd_sc_hd__clkbuf_4)
            0.036    0.000    3.852 ^ _99170_/CLK (sky130_fd_sc_hd__dfrtp_4)
   0.070    0.214    0.530    4.382 ^ _99170_/Q (sky130_fd_sc_hd__dfrtp_4)
            0.216    0.018    4.400 ^ repeater159/A (sky130_fd_sc_hd__buf_16)
   0.163    0.174    0.212    4.612 ^ repeater159/X (sky130_fd_sc_hd__buf_16)
            0.220    0.068    4.681 ^ repeater158/A (sky130_fd_sc_hd__buf_16)
   0.201    0.219    0.261    4.941 ^ repeater158/X (sky130_fd_sc_hd__buf_16)
            0.222    0.023    4.964 ^ repeater157/A (sky130_fd_sc_hd__buf_16)
   0.213    0.222    0.231    5.195 ^ repeater157/X (sky130_fd_sc_hd__buf_16)
            0.267    0.075    5.270 ^ repeater156/A (sky130_fd_sc_hd__buf_16)
   0.087    0.106    0.195    5.465 ^ repeater156/X (sky130_fd_sc_hd__buf_16)
            0.109    0.013    5.478 ^ rebuffer394/A (sky130_fd_sc_hd__lpflow_clkbufkapwr_8)
   0.126    0.211    0.266    5.744 ^ rebuffer394/X (sky130_fd_sc_hd__lpflow_clkbufkapwr_8)
            0.213    0.017    5.760 ^ _55751_/A (sky130_fd_sc_hd__nand2_1)
   0.014    0.127    0.158    5.918 v _55751_/Y (sky130_fd_sc_hd__nand2_1)
            0.127    0.000    5.918 v _87364_/B (sky130_fd_sc_hd__fa_1)
   0.003    0.072    0.411    6.329 v _87364_/COUT (sky130_fd_sc_hd__fa_1)
            0.072    0.000    6.329 v _80897_/A (sky130_fd_sc_hd__inv_1)
   0.020    0.167    0.155    6.484 ^ _80897_/Y (sky130_fd_sc_hd__inv_1)
            0.167    0.002    6.486 ^ _87372_/CIN (sky130_fd_sc_hd__fa_1)
   0.006    0.094    0.459    6.945 v _87372_/SUM (sky130_fd_sc_hd__fa_1)
            0.094    0.000    6.945 v _87373_/B (sky130_fd_sc_hd__fa_1)
   0.003    0.056    0.514    7.459 ^ _87373_/SUM (sky130_fd_sc_hd__fa_1)
            0.056    0.000    7.459 ^ _80898_/A (sky130_fd_sc_hd__inv_1)
   0.004    0.027    0.044    7.503 v _80898_/Y (sky130_fd_sc_hd__inv_1)
            0.027    0.000    7.503 v _93354_/B (sky130_fd_sc_hd__ha_1)
   0.004    0.059    0.271    7.774 v _93354_/SUM (sky130_fd_sc_hd__ha_1)
            0.059    0.000    7.774 v _93355_/B (sky130_fd_sc_hd__ha_2)
   0.024    0.132    0.396    8.170 ^ _93355_/SUM (sky130_fd_sc_hd__ha_2)
            0.132    0.002    8.172 ^ _82003_/A (sky130_fd_sc_hd__inv_1)
   0.007    0.053    0.077    8.249 v _82003_/Y (sky130_fd_sc_hd__inv_1)
            0.053    0.000    8.249 v _87374_/B (sky130_fd_sc_hd__fa_1)
   0.004    0.061    0.506    8.755 ^ _87374_/SUM (sky130_fd_sc_hd__fa_1)
            0.061    0.000    8.755 ^ _78862_/A (sky130_fd_sc_hd__inv_1)
   0.004    0.028    0.045    8.799 v _78862_/Y (sky130_fd_sc_hd__inv_1)
            0.028    0.000    8.800 v _93356_/A (sky130_fd_sc_hd__ha_1)
   0.010    0.084    0.321    9.121 v _93356_/SUM (sky130_fd_sc_hd__ha_1)
            0.084    0.000    9.121 v _56586_/A1 (sky130_fd_sc_hd__a21oi_1)
   0.010    0.244    0.239    9.360 ^ _56586_/Y (sky130_fd_sc_hd__a21oi_1)
            0.244    0.000    9.360 ^ _67975_/A (sky130_fd_sc_hd__nor2b_1)
   0.009    0.085    0.117    9.478 v _67975_/Y (sky130_fd_sc_hd__nor2b_1)
            0.085    0.000    9.478 v _67976_/A2 (sky130_fd_sc_hd__o21ai_4)
   0.032    0.261    0.251    9.729 ^ _67976_/Y (sky130_fd_sc_hd__o21ai_4)
            0.261    0.004    9.734 ^ _67977_/B (sky130_fd_sc_hd__nand2b_2)
   0.018    0.103    0.144    9.877 v _67977_/Y (sky130_fd_sc_hd__nand2b_2)
            0.103    0.002    9.879 v _67978_/A2 (sky130_fd_sc_hd__a21o_1)
   0.004    0.037    0.198   10.077 v _67978_/X (sky130_fd_sc_hd__a21o_1)
            0.037    0.000   10.077 v _67979_/A2 (sky130_fd_sc_hd__a21o_1)
   0.014    0.079    0.216   10.293 v _67979_/X (sky130_fd_sc_hd__a21o_1)
            0.079    0.001   10.294 v _67980_/A2 (sky130_fd_sc_hd__a21o_1)
   0.004    0.037    0.190   10.484 v _67980_/X (sky130_fd_sc_hd__a21o_1)
            0.037    0.000   10.484 v _67981_/A2 (sky130_fd_sc_hd__a21o_1)
   0.013    0.075    0.213   10.697 v _67981_/X (sky130_fd_sc_hd__a21o_1)
            0.075    0.001   10.697 v _67982_/A2 (sky130_fd_sc_hd__a21o_1)
   0.004    0.037    0.187   10.885 v _67982_/X (sky130_fd_sc_hd__a21o_1)
            0.037    0.000   10.885 v _67983_/A2 (sky130_fd_sc_hd__a21o_1)
   0.012    0.072    0.210   11.094 v _67983_/X (sky130_fd_sc_hd__a21o_1)
            0.072    0.001   11.095 v _67984_/A2 (sky130_fd_sc_hd__a21o_1)
   0.006    0.048    0.199   11.293 v _67984_/X (sky130_fd_sc_hd__a21o_1)
            0.048    0.000   11.294 v _67985_/A2 (sky130_fd_sc_hd__a21oi_2)
   0.020    0.257    0.253   11.547 ^ _67985_/Y (sky130_fd_sc_hd__a21oi_2)
            0.257    0.001   11.548 ^ _68002_/A (sky130_fd_sc_hd__xnor2_4)
   0.167    1.171    0.433   11.980 ^ _68002_/Y (sky130_fd_sc_hd__xnor2_4)
            1.179    0.079   12.059 ^ _68004_/A2 (sky130_fd_sc_hd__a21oi_1)
   0.003    0.154    0.160   12.220 v _68004_/Y (sky130_fd_sc_hd__a21oi_1)
            0.154    0.000   12.220 v _97685_/D (sky130_fd_sc_hd__dfxtp_2)
                             12.220   data arrival time

                     8.000    8.000   clock clk (rise edge)
                     0.000    8.000   clock source latency
   0.271    0.000    0.000    8.000 ^ clk (in)
            0.074    0.037    8.037 ^ clkbuf_0_clk/A (sky130_fd_sc_hd__clkbuf_4)
   0.020    0.073    0.166    8.203 ^ clkbuf_0_clk/X (sky130_fd_sc_hd__clkbuf_4)
            0.073    0.001    8.204 ^ clkbuf_1_0_0_clk/A (sky130_fd_sc_hd__clkbuf_4)
   0.010    0.048    0.144    8.347 ^ clkbuf_1_0_0_clk/X (sky130_fd_sc_hd__clkbuf_4)
            0.048    0.000    8.348 ^ clkbuf_1_0_1_clk/A (sky130_fd_sc_hd__clkbuf_4)
   0.010    0.046    0.133    8.480 ^ clkbuf_1_0_1_clk/X (sky130_fd_sc_hd__clkbuf_4)
            0.046    0.000    8.480 ^ clkbuf_1_0_2_clk/A (sky130_fd_sc_hd__clkbuf_4)
   0.010    0.046    0.132    8.613 ^ clkbuf_1_0_2_clk/X (sky130_fd_sc_hd__clkbuf_4)
            0.046    0.000    8.613 ^ clkbuf_1_0_3_clk/A (sky130_fd_sc_hd__clkbuf_4)
   0.011    0.050    0.135    8.748 ^ clkbuf_1_0_3_clk/X (sky130_fd_sc_hd__clkbuf_4)
            0.050    0.000    8.748 ^ clkbuf_1_0_4_clk/A (sky130_fd_sc_hd__clkbuf_4)
   0.058    0.177    0.233    8.982 ^ clkbuf_1_0_4_clk/X (sky130_fd_sc_hd__clkbuf_4)
            0.177    0.003    8.985 ^ clkbuf_2_0_0_clk/A (sky130_fd_sc_hd__clkbuf_4)
   0.011    0.049    0.180    9.165 ^ clkbuf_2_0_0_clk/X (sky130_fd_sc_hd__clkbuf_4)
            0.049    0.000    9.166 ^ clkbuf_2_0_1_clk/A (sky130_fd_sc_hd__clkbuf_4)
   0.010    0.047    0.134    9.299 ^ clkbuf_2_0_1_clk/X (sky130_fd_sc_hd__clkbuf_4)
            0.047    0.000    9.300 ^ clkbuf_2_0_2_clk/A (sky130_fd_sc_hd__clkbuf_4)
   0.008    0.042    0.128    9.428 ^ clkbuf_2_0_2_clk/X (sky130_fd_sc_hd__clkbuf_4)
            0.042    0.000    9.428 ^ clkbuf_2_0_3_clk/A (sky130_fd_sc_hd__clkbuf_4)
   0.006    0.036    0.120    9.548 ^ clkbuf_2_0_3_clk/X (sky130_fd_sc_hd__clkbuf_4)
            0.036    0.000    9.548 ^ clkbuf_2_0_4_clk/A (sky130_fd_sc_hd__clkbuf_4)
   0.057    0.174    0.226    9.775 ^ clkbuf_2_0_4_clk/X (sky130_fd_sc_hd__clkbuf_4)
            0.174    0.004    9.778 ^ clkbuf_3_1_0_clk/A (sky130_fd_sc_hd__clkbuf_4)
   0.010    0.047    0.177    9.955 ^ clkbuf_3_1_0_clk/X (sky130_fd_sc_hd__clkbuf_4)
            0.047    0.000    9.956 ^ clkbuf_3_1_1_clk/A (sky130_fd_sc_hd__clkbuf_4)
   0.010    0.046    0.132   10.088 ^ clkbuf_3_1_1_clk/X (sky130_fd_sc_hd__clkbuf_4)
            0.046    0.000   10.088 ^ clkbuf_3_1_2_clk/A (sky130_fd_sc_hd__clkbuf_4)
   0.032    0.107    0.180   10.269 ^ clkbuf_3_1_2_clk/X (sky130_fd_sc_hd__clkbuf_4)
            0.107    0.001   10.270 ^ clkbuf_4_3_0_clk/A (sky130_fd_sc_hd__clkbuf_4)
   0.009    0.044    0.153   10.422 ^ clkbuf_4_3_0_clk/X (sky130_fd_sc_hd__clkbuf_4)
            0.044    0.000   10.423 ^ clkbuf_4_3_1_clk/A (sky130_fd_sc_hd__clkbuf_4)
   0.034    0.111    0.183   10.606 ^ clkbuf_4_3_1_clk/X (sky130_fd_sc_hd__clkbuf_4)
            0.111    0.001   10.607 ^ clkbuf_5_7_0_clk/A (sky130_fd_sc_hd__clkbuf_4)
   0.005    0.035    0.145   10.752 ^ clkbuf_5_7_0_clk/X (sky130_fd_sc_hd__clkbuf_4)
            0.035    0.000   10.752 ^ clkbuf_5_7_1_clk/A (sky130_fd_sc_hd__clkbuf_4)
   0.127    0.376    0.366   11.118 ^ clkbuf_5_7_1_clk/X (sky130_fd_sc_hd__clkbuf_4)
            0.376    0.005   11.123 ^ clkbuf_leaf_20_clk/A (sky130_fd_sc_hd__clkbuf_4)
   0.059    0.183    0.338   11.461 ^ clkbuf_leaf_20_clk/X (sky130_fd_sc_hd__clkbuf_4)
            0.183    0.001   11.462 ^ _97685_/CLK (sky130_fd_sc_hd__dfxtp_2)
                     0.000   11.462   clock reconvergence pessimism
                    -0.128   11.334   library setup time
                             11.334   data required time
---------------------------------------------------------------------------
                             11.334   data required time
                            -12.220   data arrival time
---------------------------------------------------------------------------
                             -0.886   slack (VIOLATED)


report_worst_slack -min -digits 3
worst slack -0.178
report_worst_slack -max -digits 3
worst slack -0.886
report_tns -digits 3
tns -80.389
report_check_types -max_slew -max_capacitance -max_fanout -violators -digits 3
max slew

Pin                                     Limit     Slew    Slack
---------------------------------------------------------------
_71720_/B1                              1.500    1.522   -0.022 (VIOLATED)
hold459/X                               1.495    1.516   -0.020 (VIOLATED)

max capacitance

Pin                                     Limit      Cap    Slack
---------------------------------------------------------------
hold459/X                               0.155    0.157   -0.003 (VIOLATED)

report_clock_skew -digits 3
Clock clk
Latency      CRPR       Skew
_97403_/CLK ^
  4.239
_97476_/CLK ^
  3.433     0.000      0.806

report_power -corner $power_corner
Group                  Internal  Switching    Leakage      Total
                          Power      Power      Power      Power (Watts)
----------------------------------------------------------------
Sequential             2.44e-02   2.95e-03   3.71e-08   2.74e-02  18.0%
Combinational          5.03e-02   7.47e-02   2.00e-07   1.25e-01  82.0%
Macro                  0.00e+00   0.00e+00   0.00e+00   0.00e+00   0.0%
Pad                    0.00e+00   0.00e+00   0.00e+00   0.00e+00   0.0%
----------------------------------------------------------------
Total                  7.47e-02   7.76e-02   2.37e-07   1.52e-01 100.0%
                          49.0%      51.0%       0.0%
report_floating_nets -verbose
report_design_area
Design area 627676 u^2 7% utilization.
utl::metric "DRT::worst_slack_min" [sta::worst_slack -min]
utl::metric "DRT::worst_slack_max" [sta::worst_slack -max]
utl::metric "DRT::tns_max" [sta::total_negative_slack -max]
utl::metric "DRT::clock_skew" [sta::worst_clock_skew -setup]
# slew/cap/fanout slack/limit
utl::metric "DRT::max_slew_slack" [expr [sta::max_slew_check_slack_limit] * 100]
utl::metric "DRT::max_fanout_slack" [expr [sta::max_fanout_check_slack_limit] * 100]
utl::metric "DRT::max_capacitance_slack" [expr [sta::max_capacitance_check_slack_limit] * 100];
# report clock period as a metric for updating limits
utl::metric "DRT::clock_period" [get_property [lindex [all_clocks] 0] period]
# not really useful without pad locations
#set_pdnsim_net_voltage -net $vdd_net_name -voltage $vdd_voltage
#analyze_power_grid -net $vdd_net_name
EDA_RUN_DONE
