Failed to load tclreadline
############################################################################
##
## Copyright (c) 2019, The Regents of the University of California
## All rights reserved.
##
## BSD 3-Clause License
##
## Redistribution and use in source and binary forms, with or without
## modification, are permitted provided that the following conditions are met:
##
## * Redistributions of source code must retain the above copyright notice, this
##   list of conditions and the following disclaimer.
##
## * Redistributions in binary form must reproduce the above copyright notice,
##   this list of conditions and the following disclaimer in the documentation
##   and/or other materials provided with the distribution.
##
## * Neither the name of the copyright holder nor the names of its
##   contributors may be used to endorse or promote products derived from
##   this software without specific prior written permission.
##
## THIS SOFTWARE IS PROVIDED BY THE COPYRIGHT HOLDERS AND CONTRIBUTORS "AS IS"
## AND ANY EXPRESS OR IMPLIED WARRANTIES, INCLUDING, BUT NOT LIMITED TO, THE
## IMPLIED WARRANTIES OF MERCHANTABILITY AND FITNESS FOR A PARTICULAR PURPOSE
## ARE DISCLAIMED. IN NO EVENT SHALL THE COPYRIGHT HOLDER OR CONTRIBUTORS BE
## LIABLE FOR ANY DIRECT, INDIRECT, INCIDENTAL, SPECIAL, EXEMPLARY, OR
## CONSEQUENTIAL DAMAGES (INCLUDING, BUT NOT LIMITED TO, PROCUREMENT OF
## SUBSTITUTE GOODS OR SERVICES; LOSS OF USE, DATA, OR PROFITS; OR BUSINESS
## INTERRUPTION) HOWEVER CAUSED AND ON ANY THEORY OF LIABILITY, WHETHER IN
## CONTRACT, STRICT LIABILITY, OR TORT (INCLUDING NEGLIGENCE OR OTHERWISE)
## ARISING IN ANY WAY OUT OF THE USE OF THIS SOFTWARE, EVEN IF ADVISED OF THE
## POSSIBILITY OF SUCH DAMAGE.
##
############################################################################
# Assumes flow_helpers.tcl has been read.
read_libraries
[INFO ODB-0222] Reading LEF file: sky130hd/sky130hd.tlef
[INFO ODB-0223]     Created 13 technology layers
[INFO ODB-0224]     Created 25 technology vias
[INFO ODB-0226] Finished LEF file:  sky130hd/sky130hd.tlef
[INFO ODB-0222] Reading LEF file: sky130hd/sky130hd_std_cell.lef
[INFO ODB-0225]     Created 437 library cells
[INFO ODB-0226] Finished LEF file:  sky130hd/sky130hd_std_cell.lef
read_verilog $synth_verilog
link_design $top_module
read_sdc $sdc_file
[WARNING STA-0354] set_input_delay relative to a clock defined on the same port/pin not allowed.
utl::metric "IFP::ord_version" [ord::openroad_git_describe]
# Note that sta::network_instance_count is not valid after tapcells are added.
utl::metric "IFP::instance_count" [sta::network_instance_count]
initialize_floorplan -site $site \
  -die_area $die_area \
  -core_area $core_area
[WARNING IFP-0028] Core area lower left (30.000, 30.000) snapped to (30.360, 32.640).
[INFO IFP-0001] Added 638 rows of 3781 sites.
source $tracks_file
# remove buffers inserted by synthesis 
remove_buffers
[INFO RSZ-0026] Removed 2471 buffers.
################################################################
# IO Placement (random)
place_pins -random -hor_layers $io_placer_hor_layer -ver_layers $io_placer_ver_layer
Found 0 macro blocks.
Using 1u default distance from corners.
Using 2 tracks default min distance between IO pins.
[INFO PPL-0007] Random pin placement.
################################################################
# Macro Placement
if { [have_macros] } {
  global_placement -density $global_place_density
  macro_placement -halo $macro_place_halo -channel $macro_place_channel
}
################################################################
# Tapcell insertion
eval tapcell $tapcell_args
[INFO TAP-0005] Inserted 40320 tapcells.
################################################################
# Power distribution network insertion
source $pdn_cfg
pdngen
[INFO PDN-0001] Inserting grid: grid
################################################################
# Global placement
foreach layer_adjustment $global_routing_layer_adjustments {
  lassign $layer_adjustment layer adjustment
  set_global_routing_layer_adjustment $layer $adjustment
}
set_routing_layers -signal $global_routing_layers \
  -clock $global_routing_clock_layers
set_macro_extension 2
global_placement -routability_driven -density $global_place_density \
  -pad_left $global_place_pad -pad_right $global_place_pad
[INFO GPL-0002] DBU: 1000
[INFO GPL-0003] SiteSize: 460 2720
[INFO GPL-0004] CoreAreaLxLy: 30360 32640
[INFO GPL-0005] CoreAreaUxUy: 1769620 1768000
[INFO GPL-0006] NumInstances: 55058
[INFO GPL-0007] NumPlaceInstances: 14738
[INFO GPL-0008] NumFixedInstances: 40320
[INFO GPL-0009] NumDummyInstances: 0
[INFO GPL-0010] NumNets: 15003
[INFO GPL-0011] NumPins: 61011
[INFO GPL-0012] DieAreaLxLy: 0 0
[INFO GPL-0013] DieAreaUxUy: 2000000 2000000
[INFO GPL-0014] CoreAreaLxLy: 30360 32640
[INFO GPL-0015] CoreAreaUxUy: 1769620 1768000
[INFO GPL-0016] CoreArea: 3018242233600
[INFO GPL-0017] NonPlaceInstsArea: 50448384000
[INFO GPL-0018] PlaceInstsArea: 176762028800
[INFO GPL-0019] Util(%): 5.96
[INFO GPL-0020] StdInstsArea: 176762028800
[INFO GPL-0021] MacroInstsArea: 0
[InitialPlace]  Iter: 1 CG residual: 0.00095175 HPWL: 864838140
[InitialPlace]  Iter: 2 CG residual: 0.00033592 HPWL: 682196769
[InitialPlace]  Iter: 3 CG residual: 0.00019947 HPWL: 680260160
[InitialPlace]  Iter: 4 CG residual: 0.00021258 HPWL: 680513294
[InitialPlace]  Iter: 5 CG residual: 0.00014501 HPWL: 679887397
[InitialPlace]  Iter: 6 CG residual: 0.00021238 HPWL: 680202619
[InitialPlace]  Iter: 7 CG residual: 0.00015023 HPWL: 679759451
[InitialPlace]  Iter: 8 CG residual: 0.00015908 HPWL: 680057555
[InitialPlace]  Iter: 9 CG residual: 0.00018891 HPWL: 679641247
[InitialPlace]  Iter: 10 CG residual: 0.00013657 HPWL: 679974951
[InitialPlace]  Iter: 11 CG residual: 0.00018123 HPWL: 679572128
[InitialPlace]  Iter: 12 CG residual: 0.00018388 HPWL: 679843913
[InitialPlace]  Iter: 13 CG residual: 0.00020427 HPWL: 679447128
[InitialPlace]  Iter: 14 CG residual: 0.00020097 HPWL: 679818047
[InitialPlace]  Iter: 15 CG residual: 0.00011562 HPWL: 679405567
[InitialPlace]  Iter: 16 CG residual: 0.00013322 HPWL: 679702215
[InitialPlace]  Iter: 17 CG residual: 0.00010536 HPWL: 679307576
[InitialPlace]  Iter: 18 CG residual: 0.00010513 HPWL: 679674527
[InitialPlace]  Iter: 19 CG residual: 0.00008589 HPWL: 679352780
[InitialPlace]  Iter: 20 CG residual: 0.00008563 HPWL: 679668168
[INFO GPL-0031] FillerInit: NumGCells: 76640
[INFO GPL-0032] FillerInit: NumGNets: 15003
[INFO GPL-0033] FillerInit: NumGPins: 61011
[INFO GPL-0023] TargetDensity: 0.30
[INFO GPL-0024] AveragePlaceInstArea: 11993623
[INFO GPL-0025] IdealBinArea: 39978740
[INFO GPL-0026] IdealBinCnt: 75496
[INFO GPL-0027] TotalBinArea: 3018242233600
[INFO GPL-0028] BinCnt: 256 256
[INFO GPL-0029] BinSize: 6794 6779
[INFO GPL-0030] NumBins: 65536
[NesterovSolve] Iter: 1 overflow: 0.974012 HPWL: 645666183
[NesterovSolve] Iter: 10 overflow: 0.839196 HPWL: 753055803
[NesterovSolve] Iter: 20 overflow: 0.835284 HPWL: 747968617
[NesterovSolve] Iter: 30 overflow: 0.836272 HPWL: 737915622
[NesterovSolve] Iter: 40 overflow: 0.835617 HPWL: 738354357
[NesterovSolve] Iter: 50 overflow: 0.835639 HPWL: 736623715
[NesterovSolve] Iter: 60 overflow: 0.834894 HPWL: 736361279
[NesterovSolve] Iter: 70 overflow: 0.834212 HPWL: 735693822
[NesterovSolve] Iter: 80 overflow: 0.834017 HPWL: 735040598
[NesterovSolve] Iter: 90 overflow: 0.833246 HPWL: 734841877
[NesterovSolve] Iter: 100 overflow: 0.832473 HPWL: 734084328
[NesterovSolve] Iter: 110 overflow: 0.832118 HPWL: 733487167
[NesterovSolve] Iter: 120 overflow: 0.831191 HPWL: 733417401
[NesterovSolve] Iter: 130 overflow: 0.830457 HPWL: 732973409
[NesterovSolve] Iter: 140 overflow: 0.829897 HPWL: 733085089
[NesterovSolve] Iter: 150 overflow: 0.828948 HPWL: 733517547
[NesterovSolve] Iter: 160 overflow: 0.827952 HPWL: 734604082
[NesterovSolve] Iter: 170 overflow: 0.826521 HPWL: 737173043
[NesterovSolve] Iter: 180 overflow: 0.824759 HPWL: 741861637
[NesterovSolve] Iter: 190 overflow: 0.82086 HPWL: 749867518
[NesterovSolve] Iter: 200 overflow: 0.81509 HPWL: 760674698
[NesterovSolve] Iter: 210 overflow: 0.809931 HPWL: 775533506
[NesterovSolve] Iter: 220 overflow: 0.800896 HPWL: 788805175
[NesterovSolve] Iter: 230 overflow: 0.795026 HPWL: 793931673
[NesterovSolve] Iter: 240 overflow: 0.782481 HPWL: 814140828
[NesterovSolve] Iter: 250 overflow: 0.767872 HPWL: 856565630
[NesterovSolve] Iter: 260 overflow: 0.756164 HPWL: 853693529
[NesterovSolve] Iter: 270 overflow: 0.734626 HPWL: 891635705
[NesterovSolve] Iter: 280 overflow: 0.710442 HPWL: 893419809
[NesterovSolve] Iter: 290 overflow: 0.684971 HPWL: 907271676
[NesterovSolve] Iter: 300 overflow: 0.651693 HPWL: 931380552
[NesterovSolve] Iter: 310 overflow: 0.612377 HPWL: 955884530
[NesterovSolve] Snapshot saved at iter = 312
[NesterovSolve] Iter: 320 overflow: 0.568986 HPWL: 980952960
[NesterovSolve] Iter: 330 overflow: 0.519133 HPWL: 1002877016
[NesterovSolve] Iter: 340 overflow: 0.462508 HPWL: 1029150805
[NesterovSolve] Iter: 350 overflow: 0.390104 HPWL: 1058415409
[NesterovSolve] Iter: 360 overflow: 0.317725 HPWL: 1088474364
[NesterovSolve] Iter: 370 overflow: 0.273941 HPWL: 1104061543
[NesterovSolve] Iter: 380 overflow: 0.236048 HPWL: 1119163112
[NesterovSolve] Iter: 390 overflow: 0.204558 HPWL: 1129935637
[INFO GPL-0075] Routability numCall: 1 inflationIterCnt: 1 bloatIterCnt: 0
[INFO GPL-0036] TileLxLy: 0 0
[INFO GPL-0037] TileSize: 6900 6900
[INFO GPL-0038] TileCnt: 289 289
[INFO GPL-0039] numRoutingLayers: 6
[INFO GPL-0040] NumTiles: 83521
[INFO GPL-0063] TotalRouteOverflowH2: 0.04999995231628418
[INFO GPL-0064] TotalRouteOverflowV2: 278.4666944742203
[INFO GPL-0065] OverflowTileCnt2: 2078
[INFO GPL-0066] 0.5%RC: 1.2014805742529404
[INFO GPL-0067] 1.0%RC: 1.1507507536862347
[INFO GPL-0068] 2.0%RC: 1.0836236319742403
[INFO GPL-0069] 5.0%RC: 1.0334534712246781
[INFO GPL-0070] 0.5rcK: 1.0
[INFO GPL-0071] 1.0rcK: 1.0
[INFO GPL-0072] 2.0rcK: 0.0
[INFO GPL-0073] 5.0rcK: 0.0
[INFO GPL-0074] FinalRC: 1.1761156
[NesterovSolve] Iter: 400 overflow: 0.178987 HPWL: 1138257977
[NesterovSolve] Iter: 410 overflow: 0.155955 HPWL: 1144256747
[NesterovSolve] Iter: 420 overflow: 0.136982 HPWL: 1148946219
[NesterovSolve] Iter: 430 overflow: 0.118681 HPWL: 1152790457
[NesterovSolve] Iter: 440 overflow: 0.104844 HPWL: 1152543434
[NesterovSolve] Finished with Overflow: 0.099791
# IO Placement
place_pins -hor_layers $io_placer_hor_layer -ver_layers $io_placer_ver_layer
Found 0 macro blocks.
Using 1u default distance from corners.
Using 2 tracks default min distance between IO pins.
[INFO PPL-0010] Tentative 0 to set up sections.
[INFO PPL-0001] Number of slots          7290
[INFO PPL-0002] Number of I/O            388
[INFO PPL-0003] Number of I/O w/sink     388
[INFO PPL-0004] Number of I/O w/o sink   0
[INFO PPL-0005] Slots per section        200
[INFO PPL-0006] Slots increase factor    0.01
[INFO PPL-0008] Successfully assigned pins to sections.
[INFO PPL-0012] I/O nets HPWL: 277754.16 um.
# checkpoint
set global_place_def [make_result_file ${design}_${platform}_global_place.def]
write_def $global_place_def
################################################################
# Repair max slew/cap/fanout violations and normalize slews
source $layer_rc_file
set_wire_rc -signal -layer $wire_rc_layer
set_wire_rc -clock  -layer $wire_rc_layer_clk
set_dont_use $dont_use
estimate_parasitics -placement
repair_design -slew_margin $slew_margin -cap_margin $cap_margin
[INFO RSZ-0058] Using max wire length 2393um.
[INFO RSZ-0034] Found 297 slew violations.
[INFO RSZ-0036] Found 94 capacitance violations.
[INFO RSZ-0037] Found 1 long wires.
[INFO RSZ-0038] Inserted 247 buffers in 297 nets.
[INFO RSZ-0039] Resized 5362 instances.
repair_tie_fanout -separation $tie_separation $tielo_port
repair_tie_fanout -separation $tie_separation $tiehi_port
set_placement_padding -global -left $detail_place_pad -right $detail_place_pad
detailed_placement
Placement Analysis
---------------------------------
total displacement      31998.3 u
average displacement        0.6 u
max displacement           13.7 u
original HPWL         1030060.8 u
legalized HPWL        1049958.1 u
delta HPWL                    2 %

# post resize timing report (ideal clocks)
report_worst_slack -min -digits 3
worst slack 0.445
report_worst_slack -max -digits 3
worst slack -1.653
report_tns -digits 3
tns -173.824
# Check slew repair
report_check_types -max_slew -max_capacitance -max_fanout -violators
utl::metric "RSZ::repair_design_buffer_count" [rsz::repair_design_buffer_count]
utl::metric "RSZ::max_slew_slack" [expr [sta::max_slew_check_slack_limit] * 100]
utl::metric "RSZ::max_fanout_slack" [expr [sta::max_fanout_check_slack_limit] * 100]
utl::metric "RSZ::max_capacitance_slack" [expr [sta::max_capacitance_check_slack_limit] * 100]
################################################################
# Clock Tree Synthesis
# Clone clock tree inverters next to register loads
# so cts does not try to buffer the inverted clocks.
repair_clock_inverters
clock_tree_synthesis -root_buf $cts_buffer -buf_list $cts_buffer \
  -sink_clustering_enable \
  -sink_clustering_max_diameter $cts_cluster_diameter
[INFO CTS-0049] Characterization buffer is: sky130_fd_sc_hd__clkbuf_4.
[INFO CTS-0039] Number of created patterns = 11880.
[INFO CTS-0084] Compiling LUT.
Min. len    Max. len    Min. cap    Max. cap    Min. slew   Max. slew
2           8           1           36          1           86          
[WARNING CTS-0043] 1584 wires are pure wire and no slew degradation.
TritonCTS forced slew degradation on these wires.
[INFO CTS-0046]     Number of wire segments: 11880.
[INFO CTS-0047]     Number of keys in characterization LUT: 1895.
[INFO CTS-0048]     Actual min input cap: 1.
[INFO CTS-0007] Net "clk" found for clock "clk".
[INFO CTS-0010]  Clock net "clk" has 530 sinks.
[INFO CTS-0008] TritonCTS found 1 clock nets.
[INFO CTS-0097] Characterization used 1 buffer(s) types.
[INFO CTS-0027] Generating H-Tree topology for net clk.
[INFO CTS-0028]  Total number of sinks: 530.
[INFO CTS-0029]  Sinks will be clustered in groups of up to 20 and with maximum cluster diameter of 100.0 um.
[INFO CTS-0030]  Number of static layers: 0.
[INFO CTS-0020]  Wire segment unit: 13000  dbu (13 um).
[INFO CTS-0019]  Total number of sinks after clustering: 83.
[INFO CTS-0024]  Normalized sink region: [(49.4325, 15.7226), (111.576, 134.645)].
[INFO CTS-0025]     Width:  62.1438.
[INFO CTS-0026]     Height: 118.9221.
 Level 1
    Direction: Vertical
    Sinks per sub-region: 42
    Sub-region size: 62.1438 X 59.4610
[INFO CTS-0034]     Segment length (rounded): 30.
    Key: 333 outSlew: 10 load: 1 length: 8 isBuffered: true
    Key: 341 outSlew: 10 load: 1 length: 8 isBuffered: true
    Key: 341 outSlew: 10 load: 1 length: 8 isBuffered: true
    Key: 147 outSlew: 8 load: 1 length: 6 isBuffered: true
 Level 2
    Direction: Horizontal
    Sinks per sub-region: 21
    Sub-region size: 31.0719 X 59.4610
[INFO CTS-0034]     Segment length (rounded): 16.
    Key: 339 outSlew: 10 load: 1 length: 8 isBuffered: true
    Key: 341 outSlew: 10 load: 1 length: 8 isBuffered: true
 Level 3
    Direction: Vertical
    Sinks per sub-region: 11
    Sub-region size: 31.0719 X 29.7305
[INFO CTS-0034]     Segment length (rounded): 14.
    Key: 341 outSlew: 10 load: 1 length: 8 isBuffered: true
    Key: 147 outSlew: 8 load: 1 length: 6 isBuffered: true
[INFO CTS-0032]  Stop criterion found. Max number of sinks is 15.
[INFO CTS-0035]  Number of sinks covered: 83.
[INFO CTS-0036]  Average source sink dist: 67723.34 dbu.
[INFO CTS-0037]  Number of outlier sinks: 13.
[INFO CTS-0018]     Created 151 clock buffers.
[INFO CTS-0012]     Minimum number of buffers in the clock path: 9.
[INFO CTS-0013]     Maximum number of buffers in the clock path: 14.
[INFO CTS-0015]     Created 151 clock nets.
[INFO CTS-0016]     Fanout distribution for the current clock = 2:15, 3:7, 4:12, 5:8, 6:8, 7:7, 8:4, 9:1, 10:4, 11:2, 12:3, 13:2, 14:1, 16:1, 17:1, 18:1, 20:7..
[INFO CTS-0017]     Max level of the clock tree: 3.
[INFO CTS-0098] Clock net "clk"
[INFO CTS-0099]  Sinks 530
[INFO CTS-0100]  Leaf buffers 76
[INFO CTS-0101]  Average sink wire length 2315.13 um
[INFO CTS-0102]  Path depth 9 - 14
# CTS leaves a long wire from the pad to the clock tree root.
repair_clock_nets
[INFO RSZ-0058] Using max wire length 2393um.
# place clock buffers
detailed_placement
Placement Analysis
---------------------------------
total displacement        365.2 u
average displacement        0.0 u
max displacement            9.6 u
original HPWL         1067420.5 u
legalized HPWL        1067501.6 u
delta HPWL                    0 %

# checkpoint
set cts_def [make_result_file ${design}_${platform}_cts.def]
write_def $cts_def
################################################################
# Setup/hold timing repair
set_propagated_clock [all_clocks]
# Global routing is fast enough for the flow regressions.
# It is NOT FAST ENOUGH FOR PRODUCTION USE (this means you, openlane).
set repair_timing_use_grt_parasitics 0
if { $repair_timing_use_grt_parasitics } {
  # Global route for parasitics - no guide file requied
  global_route -congestion_iterations $global_route_congestion_iterations
  estimate_parasitics -global_routing
} else {
  estimate_parasitics -placement
}
repair_timing
[INFO RSZ-0040] Inserted 359 buffers.
[INFO RSZ-0041] Resized 24 instances.
[WARNING RSZ-0062] Unable to repair all setup violations.
[INFO RSZ-0046] Found 265 endpoints with hold violations.
[INFO RSZ-0032] Inserted 536 hold buffers.
# Post timing repair.
report_worst_slack -min -digits 3
worst slack 0.009
report_worst_slack -max -digits 3
worst slack -0.962
report_tns -digits 3
tns -137.222
report_check_types -max_slew -max_capacitance -max_fanout -violators -digits 3
utl::metric "RSZ::worst_slack_min" [sta::worst_slack -min]
utl::metric "RSZ::worst_slack_max" [sta::worst_slack -max]
utl::metric "RSZ::tns_max" [sta::total_negative_slack -max]
utl::metric "RSZ::hold_buffer_count" [rsz::hold_buffer_count]
################################################################
# Detailed Placement (final)
detailed_placement
Placement Analysis
---------------------------------
total displacement       3629.3 u
average displacement        0.1 u
max displacement           14.8 u
original HPWL         1101813.0 u
legalized HPWL        1104342.2 u
delta HPWL                    0 %

# Capture utilization before fillers make it 100%
utl::metric "DPL::utilization" [format %.1f [expr [rsz::utilization] * 100]]
utl::metric "DPL::design_area" [sta::format_area [rsz::design_area] 0]
filler_placement $filler_cells
[INFO DPL-0001] Placed 355101 filler instances.
check_placement -verbose
################################################################
# Global routing
pin_access
[INFO DRT-0149] Reading tech and libs.

Units:                1000
Number of layers:     13
Number of macros:     437
Number of vias:       25
Number of viarulegen: 25

[INFO DRT-0150] Reading design.

Design:                   aes_cipher_top
Die area:                 ( 0 0 ) ( 2000000 2000000 )
Number of track patterns: 12
Number of DEF vias:       4
Number of components:     411452
Number of terminals:      388
Number of snets:          2
Number of nets:           16296

[INFO DRT-0167] List of default vias:
  Layer mcon
    default via: L1M1_PR
  Layer via
    default via: M1M2_PR
  Layer via2
    default via: M2M3_PR
  Layer via3
    default via: M3M4_PR
  Layer via4
    default via: M4M5_PR
[INFO DRT-0162] Library cell analysis.
[INFO DRT-0163] Instance analysis.
  Complete 10000 instances.
  Complete 20000 instances.
  Complete 30000 instances.
  Complete 40000 instances.
  Complete 50000 instances.
  Complete 60000 instances.
  Complete 70000 instances.
  Complete 80000 instances.
  Complete 90000 instances.
  Complete 100000 instances.
  Complete 200000 instances.
  Complete 300000 instances.
  Complete 400000 instances.
[INFO DRT-0164] Number of unique instances = 447.
[INFO DRT-0168] Init region query.
[INFO DRT-0018]   Complete 10000 insts.
[INFO DRT-0018]   Complete 20000 insts.
[INFO DRT-0018]   Complete 30000 insts.
[INFO DRT-0018]   Complete 40000 insts.
[INFO DRT-0018]   Complete 50000 insts.
[INFO DRT-0018]   Complete 60000 insts.
[INFO DRT-0018]   Complete 70000 insts.
[INFO DRT-0018]   Complete 80000 insts.
[INFO DRT-0018]   Complete 90000 insts.
[INFO DRT-0019]   Complete 100000 insts.
[INFO DRT-0019]   Complete 200000 insts.
[INFO DRT-0019]   Complete 300000 insts.
[INFO DRT-0019]   Complete 400000 insts.
[INFO DRT-0024]   Complete FR_MASTERSLICE.
[INFO DRT-0024]   Complete FR_VIA.
[INFO DRT-0024]   Complete li1.
[INFO DRT-0024]   Complete mcon.
[INFO DRT-0024]   Complete met1.
[INFO DRT-0024]   Complete via.
[INFO DRT-0024]   Complete met2.
[INFO DRT-0024]   Complete via2.
[INFO DRT-0024]   Complete met3.
[INFO DRT-0024]   Complete via3.
[INFO DRT-0024]   Complete met4.
[INFO DRT-0024]   Complete via4.
[INFO DRT-0024]   Complete met5.
[INFO DRT-0033] FR_MASTERSLICE shape region query size = 0.
[INFO DRT-0033] FR_VIA shape region query size = 0.
[INFO DRT-0033] li1 shape region query size = 1304580.
[INFO DRT-0033] mcon shape region query size = 4663.
[INFO DRT-0033] met1 shape region query size = 876676.
[INFO DRT-0033] via shape region query size = 204480.
[INFO DRT-0033] met2 shape region query size = 122934.
[INFO DRT-0033] via2 shape region query size = 163584.
[INFO DRT-0033] met3 shape region query size = 122830.
[INFO DRT-0033] via3 shape region query size = 163584.
[INFO DRT-0033] met4 shape region query size = 49152.
[INFO DRT-0033] via4 shape region query size = 8128.
[INFO DRT-0033] met5 shape region query size = 8255.
[INFO DRT-0165] Start pin access.
[INFO DRT-0076]   Complete 100 pins.
[INFO DRT-0076]   Complete 200 pins.
[INFO DRT-0076]   Complete 300 pins.
[INFO DRT-0076]   Complete 400 pins.
[INFO DRT-0076]   Complete 500 pins.
[INFO DRT-0076]   Complete 600 pins.
[INFO DRT-0076]   Complete 700 pins.
[INFO DRT-0076]   Complete 800 pins.
[INFO DRT-0076]   Complete 900 pins.
[INFO DRT-0077]   Complete 1000 pins.
[INFO DRT-0078]   Complete 1899 pins.
[INFO DRT-0079]   Complete 100 unique inst patterns.
[INFO DRT-0079]   Complete 200 unique inst patterns.
[INFO DRT-0079]   Complete 300 unique inst patterns.
[INFO DRT-0079]   Complete 400 unique inst patterns.
[INFO DRT-0081]   Complete 437 unique inst patterns.
[INFO DRT-0082]   Complete 1000 groups.
[INFO DRT-0082]   Complete 2000 groups.
[INFO DRT-0082]   Complete 3000 groups.
[INFO DRT-0082]   Complete 4000 groups.
[INFO DRT-0082]   Complete 5000 groups.
[INFO DRT-0082]   Complete 6000 groups.
[INFO DRT-0082]   Complete 7000 groups.
[INFO DRT-0082]   Complete 8000 groups.
[INFO DRT-0082]   Complete 9000 groups.
[INFO DRT-0083]   Complete 10000 groups.
[INFO DRT-0084]   Complete 16031 groups.
#scanned instances     = 411452
#unique  instances     = 447
#stdCellGenAp          = 14528
#stdCellValidPlanarAp  = 70
#stdCellValidViaAp     = 11085
#stdCellPinNoAp        = 0
#stdCellPinCnt         = 63209
#instTermValidViaApCnt = 0
#macroGenAp            = 0
#macroValidPlanarAp    = 0
#macroValidViaAp       = 0
#macroNoAp             = 0
[INFO DRT-0166] Complete pin access.
[INFO DRT-0267] cpu time = 00:00:09, elapsed time = 00:00:09, memory = 977.29 (MB), peak = 977.29 (MB)
set route_guide [make_result_file ${design}_${platform}.route_guide]
global_route -guide_file $route_guide \
  -congestion_iterations $global_route_congestion_iterations
set antenna_report [make_result_file ${design}_${platform}_ant.log]
set antenna_errors [check_antennas -report_violating_nets -report_file $antenna_report]
[INFO ANT-0001] Found 0 pin violations.
[INFO ANT-0002] Found 0 net violations in 16296 nets.
utl::metric "GRT::ANT::errors" $antenna_errors
if { $antenna_errors > 0 } {
  utl::error FLW 1 "found $antenna_errors antenna violations"
}
set verilog_file [make_result_file ${design}_${platform}.v]
write_verilog -remove_cells $filler_cells $verilog_file
[WARNING STA-0305] object 'sky130_fd_sc_hd__fill_*' not found.
################################################################
# Detailed routing
set num_threads 16
if { [info exists env(EDA_THREADS)] } { set num_threads $env(EDA_THREADS) }
set_thread_count $num_threads
[INFO ORD-0030] Using 8 thread(s).
detailed_route -guide $route_guide \
               -output_guide [make_result_file "${design}_${platform}_output_guide.mod"] \
               -output_drc [make_result_file "${design}_${platform}_route_drc.rpt"] \
               -output_maze [make_result_file "${design}_${platform}_maze.log"] \
               -no_pin_access \
               -verbose 0
[INFO DRT-0156] guideIn read 100000 guides.
[INFO DRT-0178] Init guide query.
[INFO DRT-0036] FR_MASTERSLICE guide region query size = 0.
[INFO DRT-0036] FR_VIA guide region query size = 0.
[INFO DRT-0036] li1 guide region query size = 56661.
[INFO DRT-0036] mcon guide region query size = 0.
[INFO DRT-0036] met1 guide region query size = 50253.
[INFO DRT-0036] via guide region query size = 0.
[INFO DRT-0036] met2 guide region query size = 32532.
[INFO DRT-0036] via2 guide region query size = 0.
[INFO DRT-0036] met3 guide region query size = 6519.
[INFO DRT-0036] via3 guide region query size = 0.
[INFO DRT-0036] met4 guide region query size = 1915.
[INFO DRT-0036] via4 guide region query size = 0.
[INFO DRT-0036] met5 guide region query size = 100.
[INFO DRT-0179] Init gr pin query.
set drv_count [detailed_route_num_drvs]
utl::metric "DRT::drv" $drv_count
set routed_def [make_result_file ${design}_${platform}_route.def]
write_def $routed_def
################################################################
# Extraction
if { $rcx_rules_file != "" } {
  define_process_corner -ext_model_index 0 X
  extract_parasitics -ext_model_file $rcx_rules_file
  set spef_file [make_result_file ${design}_${platform}.spef]
  write_spef $spef_file
  read_spef $spef_file
} else {
  # Use global routing based parasitics inlieu of rc extraction
  estimate_parasitics -global_routing
}
[INFO RCX-0431] Defined process_corner X with ext_model_index 0
[INFO RCX-0029] Defined extraction corner X
[INFO RCX-0008] extracting parasitics of aes_cipher_top ...
Notice 0: Split top of 7884 T shapes.
[INFO RCX-0435] Reading extraction model file sky130hd/sky130hd.rcx_rules ...
[INFO RCX-0436] RC segment generation aes_cipher_top (max_merge_res 50.0) ...
[INFO RCX-0040] Final 93191 rc segments
[INFO RCX-0439] Coupling Cap extraction aes_cipher_top ...
[INFO RCX-0440] Coupling threshhold is 0.1000 fF, coupling capacitance less than 0.1000 fF will be grounded.
[INFO RCX-0043] 237137 wires to be extracted
[INFO RCX-0442] 8% completion -- 20642 wires have been extracted
[INFO RCX-0442] 31% completion -- 75600 wires have been extracted
[INFO RCX-0442] 57% completion -- 136569 wires have been extracted
[INFO RCX-0442] 67% completion -- 159178 wires have been extracted
[INFO RCX-0442] 79% completion -- 189125 wires have been extracted
[INFO RCX-0442] 99% completion -- 234923 wires have been extracted
[INFO RCX-0045] Extract 16296 nets, 109483 rsegs, 109483 caps, 201196 ccs
[INFO RCX-0015] Finished extracting aes_cipher_top.
[INFO RCX-0016] Writing SPEF ...
[INFO RCX-0443] 16296 nets finished
[INFO RCX-0017] Finished writing SPEF ...
################################################################
# Final Report
report_checks -path_delay min_max -format full_clock_expanded \
  -fields {input_pin slew capacitance} -digits 3
Startpoint: text_in[94] (input port clocked by clk)
Endpoint: _33841_ (rising edge-triggered flip-flop clocked by clk)
Path Group: clk
Path Type: min

     Cap     Slew    Delay     Time   Description
---------------------------------------------------------------------------
                     0.000    0.000   clock clk (rise edge)
                     0.000    0.000   clock network delay (propagated)
                     0.748    0.748 ^ input external delay
   0.032    0.000    0.000    0.748 ^ text_in[94] (in)
            0.010    0.005    0.753 ^ hold879/A (sky130_fd_sc_hd__dlygate4sd3_1)
   0.017    0.176    0.622    1.375 ^ hold879/X (sky130_fd_sc_hd__dlygate4sd3_1)
            0.176    0.002    1.377 ^ _33281_/A1 (sky130_fd_sc_hd__mux2_1)
   0.002    0.036    0.151    1.528 ^ _33281_/X (sky130_fd_sc_hd__mux2_1)
            0.036    0.000    1.528 ^ hold880/A (sky130_fd_sc_hd__dlygate4sd3_1)
   0.003    0.053    0.531    2.059 ^ hold880/X (sky130_fd_sc_hd__dlygate4sd3_1)
            0.053    0.000    2.059 ^ _33841_/D (sky130_fd_sc_hd__dfxtp_4)
                              2.059   data arrival time

                     0.000    0.000   clock clk (rise edge)
                     0.000    0.000   clock source latency
   0.210    0.000    0.000    0.000 ^ clk (in)
            0.048    0.024    0.024 ^ clkbuf_0_clk/A (sky130_fd_sc_hd__clkbuf_4)
   0.029    0.098    0.175    0.199 ^ clkbuf_0_clk/X (sky130_fd_sc_hd__clkbuf_4)
            0.098    0.001    0.200 ^ clkbuf_1_1_0_clk/A (sky130_fd_sc_hd__clkbuf_4)
   0.010    0.046    0.152    0.352 ^ clkbuf_1_1_0_clk/X (sky130_fd_sc_hd__clkbuf_4)
            0.046    0.000    0.352 ^ clkbuf_1_1_1_clk/A (sky130_fd_sc_hd__clkbuf_4)
   0.010    0.046    0.131    0.483 ^ clkbuf_1_1_1_clk/X (sky130_fd_sc_hd__clkbuf_4)
            0.046    0.000    0.484 ^ clkbuf_1_1_2_clk/A (sky130_fd_sc_hd__clkbuf_4)
   0.012    0.053    0.137    0.621 ^ clkbuf_1_1_2_clk/X (sky130_fd_sc_hd__clkbuf_4)
            0.053    0.000    0.622 ^ clkbuf_1_1_3_clk/A (sky130_fd_sc_hd__clkbuf_4)
   0.056    0.173    0.230    0.851 ^ clkbuf_1_1_3_clk/X (sky130_fd_sc_hd__clkbuf_4)
            0.173    0.005    0.856 ^ clkbuf_2_2_0_clk/A (sky130_fd_sc_hd__clkbuf_4)
   0.013    0.056    0.185    1.042 ^ clkbuf_2_2_0_clk/X (sky130_fd_sc_hd__clkbuf_4)
            0.056    0.000    1.042 ^ clkbuf_2_2_1_clk/A (sky130_fd_sc_hd__clkbuf_4)
   0.036    0.116    0.190    1.232 ^ clkbuf_2_2_1_clk/X (sky130_fd_sc_hd__clkbuf_4)
            0.116    0.002    1.234 ^ clkbuf_3_5_0_clk/A (sky130_fd_sc_hd__clkbuf_4)
   0.011    0.048    0.160    1.394 ^ clkbuf_3_5_0_clk/X (sky130_fd_sc_hd__clkbuf_4)
            0.048    0.000    1.394 ^ clkbuf_3_5_1_clk/A (sky130_fd_sc_hd__clkbuf_4)
   0.171    0.502    0.458    1.852 ^ clkbuf_3_5_1_clk/X (sky130_fd_sc_hd__clkbuf_4)
            0.502    0.010    1.862 ^ clkbuf_leaf_29_clk/A (sky130_fd_sc_hd__clkbuf_4)
   0.020    0.082    0.284    2.147 ^ clkbuf_leaf_29_clk/X (sky130_fd_sc_hd__clkbuf_4)
            0.082    0.000    2.147 ^ _33841_/CLK (sky130_fd_sc_hd__dfxtp_4)
                     0.000    2.147   clock reconvergence pessimism
                    -0.028    2.119   library hold time
                              2.119   data required time
---------------------------------------------------------------------------
                              2.119   data required time
                             -2.059   data arrival time
---------------------------------------------------------------------------
                             -0.060   slack (VIOLATED)


Startpoint: _33738_ (rising edge-triggered flip-flop clocked by clk)
Endpoint: _33739_ (rising edge-triggered flip-flop clocked by clk)
Path Group: clk
Path Type: max

     Cap     Slew    Delay     Time   Description
---------------------------------------------------------------------------
                     0.000    0.000   clock clk (rise edge)
                     0.000    0.000   clock source latency
   0.210    0.000    0.000    0.000 ^ clk (in)
            0.048    0.024    0.024 ^ clkbuf_0_clk/A (sky130_fd_sc_hd__clkbuf_4)
   0.029    0.098    0.175    0.199 ^ clkbuf_0_clk/X (sky130_fd_sc_hd__clkbuf_4)
            0.098    0.001    0.200 ^ clkbuf_1_1_0_clk/A (sky130_fd_sc_hd__clkbuf_4)
   0.010    0.046    0.152    0.352 ^ clkbuf_1_1_0_clk/X (sky130_fd_sc_hd__clkbuf_4)
            0.046    0.000    0.352 ^ clkbuf_1_1_1_clk/A (sky130_fd_sc_hd__clkbuf_4)
   0.010    0.046    0.131    0.483 ^ clkbuf_1_1_1_clk/X (sky130_fd_sc_hd__clkbuf_4)
            0.046    0.000    0.484 ^ clkbuf_1_1_2_clk/A (sky130_fd_sc_hd__clkbuf_4)
   0.012    0.053    0.137    0.621 ^ clkbuf_1_1_2_clk/X (sky130_fd_sc_hd__clkbuf_4)
            0.053    0.000    0.622 ^ clkbuf_1_1_3_clk/A (sky130_fd_sc_hd__clkbuf_4)
   0.056    0.173    0.230    0.851 ^ clkbuf_1_1_3_clk/X (sky130_fd_sc_hd__clkbuf_4)
            0.173    0.005    0.856 ^ clkbuf_2_2_0_clk/A (sky130_fd_sc_hd__clkbuf_4)
   0.013    0.056    0.185    1.042 ^ clkbuf_2_2_0_clk/X (sky130_fd_sc_hd__clkbuf_4)
            0.056    0.000    1.042 ^ clkbuf_2_2_1_clk/A (sky130_fd_sc_hd__clkbuf_4)
   0.036    0.116    0.190    1.232 ^ clkbuf_2_2_1_clk/X (sky130_fd_sc_hd__clkbuf_4)
            0.116    0.003    1.235 ^ clkbuf_3_4_0_clk/A (sky130_fd_sc_hd__clkbuf_4)
   0.011    0.050    0.162    1.397 ^ clkbuf_3_4_0_clk/X (sky130_fd_sc_hd__clkbuf_4)
            0.050    0.000    1.397 ^ clkbuf_3_4_1_clk/A (sky130_fd_sc_hd__clkbuf_4)
   0.200    0.585    0.512    1.909 ^ clkbuf_3_4_1_clk/X (sky130_fd_sc_hd__clkbuf_4)
            0.585    0.003    1.912 ^ clkbuf_leaf_32_clk/A (sky130_fd_sc_hd__clkbuf_4)
   0.080    0.243    0.423    2.335 ^ clkbuf_leaf_32_clk/X (sky130_fd_sc_hd__clkbuf_4)
            0.243    0.001    2.336 ^ _33738_/CLK (sky130_fd_sc_hd__dfxtp_4)
   0.178    0.500    0.699    3.035 ^ _33738_/Q (sky130_fd_sc_hd__dfxtp_4)
            0.510    0.057    3.092 ^ rebuffer267/A (sky130_fd_sc_hd__lpflow_clkbufkapwr_8)
   0.064    0.121    0.302    3.394 ^ rebuffer267/X (sky130_fd_sc_hd__lpflow_clkbufkapwr_8)
            0.122    0.009    3.403 ^ rebuffer268/A (sky130_fd_sc_hd__buf_8)
   0.032    0.064    0.135    3.538 ^ rebuffer268/X (sky130_fd_sc_hd__buf_8)
            0.064    0.003    3.542 ^ _19262_/B_N (sky130_fd_sc_hd__nand4bb_4)
   0.084    0.314    0.322    3.864 ^ _19262_/Y (sky130_fd_sc_hd__nand4bb_4)
            0.314    0.006    3.870 ^ _19382_/A (sky130_fd_sc_hd__nor2_1)
   0.004    0.072    0.094    3.964 v _19382_/Y (sky130_fd_sc_hd__nor2_1)
            0.072    0.000    3.965 v _19384_/A2 (sky130_fd_sc_hd__o21ai_1)
   0.013    0.278    0.258    4.222 ^ _19384_/Y (sky130_fd_sc_hd__o21ai_1)
            0.278    0.001    4.223 ^ _19401_/B (sky130_fd_sc_hd__nand4_1)
   0.008    0.141    0.187    4.410 v _19401_/Y (sky130_fd_sc_hd__nand4_1)
            0.141    0.000    4.411 v _19402_/D (sky130_fd_sc_hd__or4_4)
   0.019    0.112    0.488    4.899 v _19402_/X (sky130_fd_sc_hd__or4_4)
            0.112    0.002    4.900 v _19448_/B (sky130_fd_sc_hd__nor4_4)
   0.101    1.318    1.111    6.011 ^ _19448_/Y (sky130_fd_sc_hd__nor4_4)
            1.318    0.013    6.025 ^ _19450_/A (sky130_fd_sc_hd__xnor2_2)
   0.018    0.233    0.263    6.288 v _19450_/Y (sky130_fd_sc_hd__xnor2_2)
            0.233    0.001    6.289 v _19451_/B (sky130_fd_sc_hd__xnor2_2)
   0.020    0.294    0.329    6.619 ^ _19451_/Y (sky130_fd_sc_hd__xnor2_2)
            0.294    0.001    6.619 ^ _19452_/B (sky130_fd_sc_hd__xor2_4)
   0.017    0.172    0.220    6.839 ^ _19452_/X (sky130_fd_sc_hd__xor2_4)
            0.172    0.000    6.839 ^ rebuffer287/A (sky130_fd_sc_hd__buf_12)
   0.085    0.107    0.182    7.021 ^ rebuffer287/X (sky130_fd_sc_hd__buf_12)
            0.108    0.008    7.029 ^ _19453_/B (sky130_fd_sc_hd__xnor2_1)
   0.003    0.114    0.121    7.150 ^ _19453_/Y (sky130_fd_sc_hd__xnor2_1)
            0.114    0.000    7.150 ^ _19455_/A2 (sky130_fd_sc_hd__o21ai_0)
   0.002    0.120    0.078    7.228 v _19455_/Y (sky130_fd_sc_hd__o21ai_0)
            0.120    0.000    7.228 v _33739_/D (sky130_fd_sc_hd__dfxtp_4)
                              7.228   data arrival time

                     3.740    3.740   clock clk (rise edge)
                     0.000    3.740   clock source latency
   0.210    0.000    0.000    3.740 ^ clk (in)
            0.048    0.024    3.764 ^ clkbuf_0_clk/A (sky130_fd_sc_hd__clkbuf_4)
   0.029    0.098    0.175    3.939 ^ clkbuf_0_clk/X (sky130_fd_sc_hd__clkbuf_4)
            0.098    0.001    3.940 ^ clkbuf_1_1_0_clk/A (sky130_fd_sc_hd__clkbuf_4)
   0.010    0.046    0.152    4.092 ^ clkbuf_1_1_0_clk/X (sky130_fd_sc_hd__clkbuf_4)
            0.046    0.000    4.092 ^ clkbuf_1_1_1_clk/A (sky130_fd_sc_hd__clkbuf_4)
   0.010    0.046    0.131    4.223 ^ clkbuf_1_1_1_clk/X (sky130_fd_sc_hd__clkbuf_4)
            0.046    0.000    4.224 ^ clkbuf_1_1_2_clk/A (sky130_fd_sc_hd__clkbuf_4)
   0.012    0.053    0.137    4.361 ^ clkbuf_1_1_2_clk/X (sky130_fd_sc_hd__clkbuf_4)
            0.053    0.000    4.362 ^ clkbuf_1_1_3_clk/A (sky130_fd_sc_hd__clkbuf_4)
   0.056    0.173    0.230    4.591 ^ clkbuf_1_1_3_clk/X (sky130_fd_sc_hd__clkbuf_4)
            0.173    0.005    4.596 ^ clkbuf_2_3_0_clk/A (sky130_fd_sc_hd__clkbuf_4)
   0.012    0.053    0.183    4.779 ^ clkbuf_2_3_0_clk/X (sky130_fd_sc_hd__clkbuf_4)
            0.053    0.000    4.780 ^ clkbuf_2_3_1_clk/A (sky130_fd_sc_hd__clkbuf_4)
   0.031    0.103    0.180    4.960 ^ clkbuf_2_3_1_clk/X (sky130_fd_sc_hd__clkbuf_4)
            0.103    0.001    4.960 ^ clkbuf_3_7_0_clk/A (sky130_fd_sc_hd__clkbuf_4)
   0.011    0.048    0.155    5.115 ^ clkbuf_3_7_0_clk/X (sky130_fd_sc_hd__clkbuf_4)
            0.048    0.000    5.116 ^ clkbuf_3_7_1_clk/A (sky130_fd_sc_hd__clkbuf_4)
   0.099    0.297    0.314    5.429 ^ clkbuf_3_7_1_clk/X (sky130_fd_sc_hd__clkbuf_4)
            0.297    0.003    5.432 ^ clkbuf_leaf_39_clk/A (sky130_fd_sc_hd__clkbuf_4)
   0.035    0.117    0.272    5.704 ^ clkbuf_leaf_39_clk/X (sky130_fd_sc_hd__clkbuf_4)
            0.117    0.001    5.705 ^ _33739_/CLK (sky130_fd_sc_hd__dfxtp_4)
                     0.000    5.705   clock reconvergence pessimism
                    -0.128    5.577   library setup time
                              5.577   data required time
---------------------------------------------------------------------------
                              5.577   data required time
                             -7.228   data arrival time
---------------------------------------------------------------------------
                             -1.651   slack (VIOLATED)


report_worst_slack -min -digits 3
worst slack -0.060
report_worst_slack -max -digits 3
worst slack -1.651
report_tns -digits 3
tns -214.977
report_check_types -max_slew -max_capacitance -max_fanout -violators -digits 3
report_clock_skew -digits 3
Clock clk
Latency      CRPR       Skew
_33610_/CLK ^
  2.774
_33391_/CLK ^
  1.965     0.000      0.809

report_power -corner $power_corner
Group                  Internal  Switching    Leakage      Total
                          Power      Power      Power      Power (Watts)
----------------------------------------------------------------
Sequential             6.00e-03   2.80e-03   4.62e-09   8.80e-03  22.0%
Combinational          1.01e-02   2.12e-02   4.79e-08   3.12e-02  78.0%
Macro                  0.00e+00   0.00e+00   0.00e+00   0.00e+00   0.0%
Pad                    0.00e+00   0.00e+00   0.00e+00   0.00e+00   0.0%
----------------------------------------------------------------
Total                  1.61e-02   2.40e-02   5.25e-08   4.00e-02 100.0%
                          40.1%      59.9%       0.0%
report_floating_nets -verbose
report_design_area
Design area 211552 u^2 7% utilization.
utl::metric "DRT::worst_slack_min" [sta::worst_slack -min]
utl::metric "DRT::worst_slack_max" [sta::worst_slack -max]
utl::metric "DRT::tns_max" [sta::total_negative_slack -max]
utl::metric "DRT::clock_skew" [sta::worst_clock_skew -setup]
# slew/cap/fanout slack/limit
utl::metric "DRT::max_slew_slack" [expr [sta::max_slew_check_slack_limit] * 100]
utl::metric "DRT::max_fanout_slack" [expr [sta::max_fanout_check_slack_limit] * 100]
utl::metric "DRT::max_capacitance_slack" [expr [sta::max_capacitance_check_slack_limit] * 100];
# report clock period as a metric for updating limits
utl::metric "DRT::clock_period" [get_property [lindex [all_clocks] 0] period]
# not really useful without pad locations
#set_pdnsim_net_voltage -net $vdd_net_name -voltage $vdd_voltage
#analyze_power_grid -net $vdd_net_name
EDA_RUN_DONE
