results_dir /data/dzy/heura_repr/eda/results
planned_moves 48
  ._aes_candidates_full.json
  PHASE0_SELECTOR_3designs_v2.md
  PHASE0_SELECTOR_4designs_v3.md
  PHASE0_SELECTOR_full.md
  PHASE0_SELECTOR_partial.md
  PHASE0_STATS_3designs_v2.md
  PHASE0_STATS_4designs.md
  PHASE0_STATS_full.md
  PHASE0_STATS_partial.md
  aes_candidates_full.json
  aes_candidates_partial.json
  gcd_density040_rep2_metrics.json
  gcd_density040_rep3_metrics.json
  gcd_pad2_rep2_metrics.json
  gcd_pad2_rep3_metrics.json
  ibex_candidates.json
  jpeg_candidates.json
  jpeg_candidates_full.json
  phase0_report_0001.json
  phase0_report_0002.json
  phase0_selector_3designs_v2.json
  phase0_selector_4designs_v3.json
  phase0_selector_full.json
  phase0_selector_partial.json
  phase0_stats_3designs_v2.json
  phase0_stats_4designs.json
  phase0_stats_full.json
  phase0_stats_partial.json
  phase0_sweep_0001.json
  phase0_sweep_0001.md
  phase0_sweep_0002.json
  phase0_sweep_0002.md
  selector_dataset_v0.jsonl
  selector_dataset_v0_summary.json
  selector_dataset_v1.jsonl
  selector_dataset_v1_summary.json
  selector_dataset_v2.jsonl
  selector_dataset_v2_summary.json
  selector_dataset_v3.jsonl
  selector_dataset_v3_summary.json
  selector_preferences_v0.jsonl
  selector_preferences_v1.jsonl
  selector_preferences_v2.jsonl
  selector_preferences_v3.jsonl
  selector_sft_v0.jsonl
  selector_sft_v1.jsonl
  selector_sft_v2.jsonl
  selector_sft_v3.jsonl
moved 48 files to /data/dzy/heura_repr/eda/results/legacy_wrong_metrics
manifest /data/dzy/heura_repr/eda/results/legacy_wrong_metrics/MANIFEST.txt
